MPLINK 4.42, Linker
Linker Map File - Created Tue Jul 15 11:53:35 2014

                                 Section Info
                  Section       Type    Address   Location Size(Bytes)
                ---------  ---------  ---------  ---------  ---------
               _entry_scn       code   0x000000    program   0x000006
           .code___init.o       code   0x000006    program   0x000002
               highVector       code   0x000008    program   0x000006
          .idata_menu.o_i    romdata   0x00000e    program   0x00000a
                lowVector       code   0x000018    program   0x000006
                   .cinit    romdata   0x00001e    program   0x0000b6
           .romdata_TCP.o    romdata   0x0000d4    program   0x000024
.romdata_Main_Meter_Top_Board.o    romdata   0x0000f8    program   0x000006
       .romdata_ARCFOUR.o    romdata   0x0000fe    program   0x000000
    .romdata_ENCX24J600.o    romdata   0x0000fe    program   0x000000
   .romdata_BerkeleyAPI.o    romdata   0x0000fe    program   0x000000
      .romdata_PingDemo.o    romdata   0x0000fe    program   0x000000
      .romdata_MPFSImg2.o    romdata   0x0000fe    program   0x000000
       .romdata_MPFSImg.o    romdata   0x0000fe    program   0x000000
           .romdata_UDP.o    romdata   0x0000fe    program   0x000000
          .romdata_Tick.o    romdata   0x0000fe    program   0x000000
.romdata_TCPPerformanceTest.o    romdata   0x0000fe    program   0x000000
      .romdata_StackTsk.o    romdata   0x0000fe    program   0x000000
     .romdata_SPIEEPROM.o    romdata   0x0000fe    program   0x000000
          .romdata_SNTP.o    romdata   0x0000fe    program   0x000000
          .romdata_SNMP.o    romdata   0x0000fe    program   0x000000
          .romdata_SMTP.o    romdata   0x0000fe    program   0x000000
        .romdata_Reboot.o    romdata   0x0000fe    program   0x000000
          .romdata_NBNS.o    romdata   0x0000fe    program   0x000000
         .romdata_MPFS2.o    romdata   0x0000fe    program   0x000000
   .romdata_LCDBlocking.o    romdata   0x0000fe    program   0x000000
          .romdata_fabs.o    romdata   0x0000fe    program   0x000000
        .romdata___init.o    romdata   0x0000fe    program   0x000000
       .romdata_u1write.o    romdata   0x0000fe    program   0x000000
        .romdata_u1defs.o    romdata   0x0000fe    program   0x000000
        .romdata_u1read.o    romdata   0x0000fe    program   0x000000
        .romdata_u1open.o    romdata   0x0000fe    program   0x000000
   .romdata_eeprom_task.o    romdata   0x0000fe    program   0x000000
.romdata_ModbusTCPClient_Meter.o    romdata   0x0000fe    program   0x000000
.romdata_ModbusTCPServer_Meter.o    romdata   0x0000fe    program   0x000000
      .romdata_Announce.o    romdata   0x0000fe    program   0x000000
     .romdata_registers.o    romdata   0x0000fe    program   0x000000
           .romdata_lcd.o    romdata   0x0000fe    program   0x000000
          .romdata_menu.o    romdata   0x0000fe    program   0x000000
           .romdata_mcu.o    romdata   0x0000fe    program   0x000000
       .romdata_utility.o    romdata   0x0000fe    program   0x000000
       .idata_utility.o_i    romdata   0x0000fe    program   0x000001
           .romdata_SSL.o    romdata   0x0000fe    program   0x000000
           .romdata_RSA.o    romdata   0x0000fe    program   0x000000
        .romdata_Random.o    romdata   0x0000fe    program   0x000000
        .romdata_BigInt.o    romdata   0x0000fe    program   0x000000
       .romdata_c018i_e.o    romdata   0x0000fe    program   0x000000
 .romdata_CustomHTTPApp.o    romdata   0x0000fe    program   0x000000
           .romdata_ARP.o    romdata   0x0000fe    program   0x000000
         .romdata_Delay.o    romdata   0x0000fe    program   0x000000
          .romdata_DHCP.o    romdata   0x0000fe    program   0x000000
         .romdata_DHCPs.o    romdata   0x0000fe    program   0x000000
           .romdata_DNS.o    romdata   0x0000fe    program   0x000000
        .romdata_DynDNS.o    romdata   0x0000fe    program   0x000000
      .romdata_ENC28J60.o    romdata   0x0000fe    program   0x000000
      .romdata_ETH97J60.o    romdata   0x0000fe    program   0x000000
        .romdata_Hashes.o    romdata   0x0000fe    program   0x000000
       .romdata_Helpers.o    romdata   0x0000fe    program   0x000000
         .romdata_HTTP2.o    romdata   0x0000fe    program   0x000000
            .romdata_IP.o    romdata   0x0000fe    program   0x000000
          .romdata_ICMP.o    romdata   0x0000fe    program   0x000000
          .idata_NBNS.o_i    romdata   0x0000ff    program   0x000000
      .idata_PingDemo.o_i    romdata   0x0000ff    program   0x000000
      .idata_ETH97J60.o_i    romdata   0x0000ff    program   0x000000
   .idata_BerkeleyAPI.o_i    romdata   0x0000ff    program   0x000000
    .idata_ENCX24J600.o_i    romdata   0x0000ff    program   0x000000
      .idata_ENC28J60.o_i    romdata   0x0000ff    program   0x000000
        .idata_BigInt.o_i    romdata   0x0000ff    program   0x000000
        .idata_Random.o_i    romdata   0x0000ff    program   0x000000
           .idata_RSA.o_i    romdata   0x0000ff    program   0x000000
        .idata_DynDNS.o_i    romdata   0x0000ff    program   0x000000
           .idata_SSL.o_i    romdata   0x0000ff    program   0x000000
           .idata_DNS.o_i    romdata   0x0000ff    program   0x000000
         .idata_MPFS2.o_i    romdata   0x0000ff    program   0x000000
         .idata_DHCPs.o_i    romdata   0x0000ff    program   0x000000
          .idata_DHCP.o_i    romdata   0x0000ff    program   0x000000
           .idata_lcd.o_i    romdata   0x0000ff    program   0x000000
         .idata_Delay.o_i    romdata   0x0000ff    program   0x000000
 .idata_LegacyHTTPApp.o_i    romdata   0x0000ff    program   0x000000
           .idata_FTP.o_i    romdata   0x0000ff    program   0x000000
.idata_ModbusTCPClient_Meter.o_i    romdata   0x0000ff    program   0x000000
   .idata_LCDBlocking.o_i    romdata   0x0000ff    program   0x000000
           .idata_ARP.o_i    romdata   0x0000ff    program   0x000001
        .idata_u1open.o_i    romdata   0x0000ff    program   0x000000
        .idata_u1read.o_i    romdata   0x0000ff    program   0x000000
        .idata_u1defs.o_i    romdata   0x0000ff    program   0x000000
 .idata_CustomHTTPApp.o_i    romdata   0x0000ff    program   0x000000
       .idata_u1write.o_i    romdata   0x0000ff    program   0x000000
        .idata___init.o_i    romdata   0x0000ff    program   0x000000
          .idata_fabs.o_i    romdata   0x0000ff    program   0x000000
       .idata_c018i_e.o_i    romdata   0x0000ff    program   0x000000
          .idata_ICMP.o_i    romdata   0x0000ff    program   0x000000
          .idata_SMTP.o_i    romdata   0x0000ff    program   0x000000
          .idata_SNMP.o_i    romdata   0x0000ff    program   0x000000
        .idata_Reboot.o_i    romdata   0x0000ff    program   0x000000
          .idata_SNTP.o_i    romdata   0x0000ff    program   0x000000
         .idata_HTTP2.o_i    romdata   0x0000ff    program   0x000000
     .idata_SPIEEPROM.o_i    romdata   0x0000ff    program   0x000000
      .idata_StackTsk.o_i    romdata   0x0000ff    program   0x000000
.idata_TCPPerformanceTest.o_i    romdata   0x0000ff    program   0x000000
      .idata_MPFSImg2.o_i    romdata   0x0000ff    program   0x000000
       .idata_MPFSImg.o_i    romdata   0x0000ff    program   0x000000
        .idata_Hashes.o_i    romdata   0x0000ff    program   0x000000
                    DevID    romdata   0x000100    program   0x000004
      .code_eeprom_task.o       code   0x000104    program   0x0009a4
             .code_Tick.o       code   0x000aa8    program   0x000146
 .romdata_LegacyHTTPApp.o    romdata   0x000bee    program   0x000010
           .idata_UDP.o_i    romdata   0x000bfe    program   0x000002
                       ko    romdata   0x000c00    program   0x000146
              .code_TCP.o       code   0x000d46    program   0x0045e8
            .code_MPFS2.o       code   0x00532e    program   0x0018e4
       .code_ENCX24J600.o       code   0x006c12    program   0x001430
          .code_utility.o       code   0x008042    program   0x0012be
             .code_menu.o       code   0x009300    program   0x001198
.code_ModbusTCPServer_Meter.o       code   0x00a498    program   0x000ff4
              .code_UDP.o       code   0x00b48c    program   0x000e96
.code_Main_Meter_Top_Board.o       code   0x00c322    program   0x000c0e
          .code_Helpers.o       code   0x00cf30    program   0x000b1c
              .code_mcu.o       code   0x00da4c    program   0x000940
              .code_FTP.o       code   0x00e38c    program   0x000808
                     PROG       code   0x00eb94    program   0x00058c
              .code_ARP.o       code   0x00f120    program   0x0004e6
                   STDLIB       code   0x00f606    program   0x0004d2
                   STRING       code   0x00fad8    program   0x00045a
         .code_Announce.o       code   0x00ff32    program   0x000370
        .code_SPIEEPROM.o       code   0x0102a2    program   0x00034a
               .code_IP.o       code   0x0105ec    program   0x0002fa
             .stringtable    romdata   0x0108e6    program   0x0001ec
              .code_lcd.o       code   0x010ad2    program   0x0001a6
         .code_StackTsk.o       code   0x010c78    program   0x000132
               _cinit_scn       code   0x010daa    program   0x00009e
           .code_u1open.o       code   0x010e48    program   0x00007a
    .code_LegacyHTTPApp.o       code   0x010ec2    program   0x000062
             .code_fabs.o       code   0x010f24    program   0x000050
           .romdata_FTP.o    romdata   0x010f74    program   0x000042
           .code_u1read.o       code   0x010fb6    program   0x00003e
        .code_registers.o       code   0x010ff4    program   0x000038
             D10KTCYXCODE       code   0x01102c    program   0x000036
          .code_u1write.o       code   0x011062    program   0x00002e
              D1KTCYXCODE       code   0x011090    program   0x000020
             D100TCYXCODE       code   0x0110b0    program   0x000020
                    .code       code   0x0110d0    program   0x000020
             _startup_scn       code   0x0110f0    program   0x00001a
              D10TCYXCODE       code   0x01110a    program   0x000016
               memory_1_i    romdata   0x011120    program   0x0001db
     .idata_registers.o_i    romdata   0x0112fb    program   0x0000e1
           .idata_mcu.o_i    romdata   0x0113dc    program   0x00007f
   .idata_eeprom_task.o_i    romdata   0x01145b    program   0x000023
          .idata_Tick.o_i    romdata   0x01147e    program   0x000004
           .idata_TCP.o_i    romdata   0x011482    program   0x000002
.idata_ModbusTCPServer_Meter.o_i    romdata   0x011484    program   0x000033
.idata_Main_Meter_Top_Board.o_i    romdata   0x0114b7    program   0x000060
            .idata_IP.o_i    romdata   0x011517    program   0x000002
       .idata_Helpers.o_i    romdata   0x011519    program   0x000004
      .idata_Announce.o_i    romdata   0x01151d    program   0x000002
       .idata_ARCFOUR.o_i    romdata   0x01151f    program   0x000000
           .code_Random.o       code   0x011520    program   0x000000
           .code_Reboot.o       code   0x011520    program   0x000000
          .code_MPFSImg.o       code   0x011520    program   0x000000
    .code_CustomHTTPApp.o       code   0x011520    program   0x000000
          .code_c018i_e.o       code   0x011520    program   0x000000
            .code_HTTP2.o       code   0x011520    program   0x000000
             .code_SMTP.o       code   0x011520    program   0x000000
           .code_u1defs.o       code   0x011520    program   0x000000
         .code_MPFSImg2.o       code   0x011520    program   0x000000
             .code_SNMP.o       code   0x011520    program   0x000000
         .code_ETH97J60.o       code   0x011520    program   0x000000
      .code_BerkeleyAPI.o       code   0x011520    program   0x000000
              .code_DNS.o       code   0x011520    program   0x000000
              .code_SSL.o       code   0x011520    program   0x000000
             .code_ICMP.o       code   0x011520    program   0x000000
              .code_RSA.o       code   0x011520    program   0x000000
            .code_DHCPs.o       code   0x011520    program   0x000000
           .code_BigInt.o       code   0x011520    program   0x000000
             .code_DHCP.o       code   0x011520    program   0x000000
      .code_LCDBlocking.o       code   0x011520    program   0x000000
           .code_Hashes.o       code   0x011520    program   0x000000
             .code_NBNS.o       code   0x011520    program   0x000000
            .code_Delay.o       code   0x011520    program   0x000000
           .code_DynDNS.o       code   0x011520    program   0x000000
         .code_ENC28J60.o       code   0x011520    program   0x000000
.code_TCPPerformanceTest.o       code   0x011520    program   0x000000
          .code_ARCFOUR.o       code   0x011520    program   0x000000
             .code_SNTP.o       code   0x011520    program   0x000000
.code_ModbusTCPClient_Meter.o       code   0x011520    program   0x000000
         .code_PingDemo.o       code   0x011520    program   0x000000
.config_1fff8_Main_Meter_Top_Board.o    romdata   0x01fff8    program   0x000001
.config_1fff9_Main_Meter_Top_Board.o    romdata   0x01fff9    program   0x000001
.config_1fffa_Main_Meter_Top_Board.o    romdata   0x01fffa    program   0x000001
.config_1fffb_Main_Meter_Top_Board.o    romdata   0x01fffb    program   0x000001
.idata_Main_Meter_Top_Board.o      idata   0x000000       data   0x000060
.udata_ModbusTCPServer_Meter.o      udata   0x000060       data   0x000084
             .udata_ARP.o      udata   0x0000e4       data   0x000014
      .udata_ENCX24J600.o      udata   0x0000f8       data   0x000006
             .idata_UDP.o      idata   0x0000fe       data   0x000002
       .idata_registers.o      idata   0x000100       data   0x0000e1
         .udata_c018i_e.o      udata   0x0001e1       data   0x00000a
            .idata_menu.o      idata   0x0001eb       data   0x00000a
        .udata_Announce.o      udata   0x0001f5       data   0x000005
         .udata_Helpers.o      udata   0x0001fa       data   0x000004
             .idata_TCP.o      idata   0x0001fe       data   0x000002
                 TCB_uRAM      udata   0x000200       data   0x0000a8
             .udata_TCP.o      udata   0x0002a8       data   0x000051
            .udata_Tick.o      udata   0x0002f9       data   0x000006
                DELAYDAT2      udata   0x0002ff       data   0x000001
             .idata_mcu.o      idata   0x000300       data   0x00007f
           .udata_MPFS2.o      udata   0x00037f       data   0x00006f
                 .tmpdata      udata   0x0003ee       data   0x00000f
        .idata_Announce.o      idata   0x0003fd       data   0x000002
                DELAYDAT1      udata   0x0003ff       data   0x000001
.udata_Main_Meter_Top_Board.o      udata   0x000400       data   0x00003b
.idata_ModbusTCPServer_Meter.o      idata   0x00043b       data   0x000033
             .udata_mcu.o      udata   0x00046e       data   0x00002e
       .udata_SPIEEPROM.o      udata   0x00049c       data   0x000025
     .idata_eeprom_task.o      idata   0x0004c1       data   0x000023
     .udata_eeprom_task.o      udata   0x0004e4       data   0x00000e
        .udata_StackTsk.o      udata   0x0004f2       data   0x00000b
          .udata_u1defs.o      udata   0x0004fd       data   0x000001
              .udata_IP.o      udata   0x0004fe       data   0x000001
         .idata_utility.o      idata   0x0004ff       data   0x000001
            .idata_Tick.o      idata   0x000500       data   0x000004
         .idata_Helpers.o      idata   0x000504       data   0x000004
             .idata_ARP.o      idata   0x000508       data   0x000001
             .udata_RSA.o      udata   0x000509       data   0x000000
          .udata___init.o      udata   0x000509       data   0x000000
          .idata___init.o      idata   0x000509       data   0x000000
          .idata_Random.o      idata   0x000509       data   0x000000
          .udata_Random.o      udata   0x000509       data   0x000000
          .idata_BigInt.o      idata   0x000509       data   0x000000
            .udata_fabs.o      udata   0x000509       data   0x000000
          .udata_BigInt.o      udata   0x000509       data   0x000000
            .idata_fabs.o      idata   0x000509       data   0x000000
         .idata_ARCFOUR.o      idata   0x000509       data   0x000000
         .udata_ARCFOUR.o      udata   0x000509       data   0x000000
      .idata_ENCX24J600.o      idata   0x000509       data   0x000000
.idata_ModbusTCPClient_Meter.o      idata   0x000509       data   0x000000
     .idata_BerkeleyAPI.o      idata   0x000509       data   0x000000
     .udata_BerkeleyAPI.o      udata   0x000509       data   0x000000
          .idata_u1open.o      idata   0x000509       data   0x000000
          .udata_u1read.o      udata   0x000509       data   0x000000
          .idata_u1read.o      idata   0x000509       data   0x000000
   .udata_LegacyHTTPApp.o      udata   0x000509       data   0x000000
             .idata_lcd.o      idata   0x000509       data   0x000000
             .udata_lcd.o      udata   0x000509       data   0x000000
          .idata_u1defs.o      idata   0x000509       data   0x000000
         .udata_u1write.o      udata   0x000509       data   0x000000
   .idata_LegacyHTTPApp.o      idata   0x000509       data   0x000000
         .idata_u1write.o      idata   0x000509       data   0x000000
          .udata_u1open.o      udata   0x000509       data   0x000000
         .udata_utility.o      udata   0x000509       data   0x000000
             .idata_SSL.o      idata   0x000509       data   0x000000
             .udata_SSL.o      udata   0x000509       data   0x000000
             .idata_FTP.o      idata   0x000509       data   0x000000
             .idata_RSA.o      idata   0x000509       data   0x000000
.udata_ModbusTCPClient_Meter.o      udata   0x000509       data   0x000000
     .idata_LCDBlocking.o      idata   0x000509       data   0x000000
     .udata_LCDBlocking.o      udata   0x000509       data   0x000000
   .udata_CustomHTTPApp.o      udata   0x000509       data   0x000000
            .idata_ICMP.o      idata   0x000509       data   0x000000
            .udata_ICMP.o      udata   0x000509       data   0x000000
           .idata_HTTP2.o      idata   0x000509       data   0x000000
           .udata_HTTP2.o      udata   0x000509       data   0x000000
          .idata_Hashes.o      idata   0x000509       data   0x000000
          .udata_Hashes.o      udata   0x000509       data   0x000000
        .idata_ETH97J60.o      idata   0x000509       data   0x000000
        .udata_ETH97J60.o      udata   0x000509       data   0x000000
        .idata_ENC28J60.o      idata   0x000509       data   0x000000
   .idata_CustomHTTPApp.o      idata   0x000509       data   0x000000
           .udata_Delay.o      udata   0x000509       data   0x000000
        .udata_ENC28J60.o      udata   0x000509       data   0x000000
          .idata_DynDNS.o      idata   0x000509       data   0x000000
          .udata_DynDNS.o      udata   0x000509       data   0x000000
             .idata_DNS.o      idata   0x000509       data   0x000000
             .udata_DNS.o      udata   0x000509       data   0x000000
           .idata_DHCPs.o      idata   0x000509       data   0x000000
           .udata_DHCPs.o      udata   0x000509       data   0x000000
            .idata_DHCP.o      idata   0x000509       data   0x000000
            .udata_DHCP.o      udata   0x000509       data   0x000000
           .idata_Delay.o      idata   0x000509       data   0x000000
        .idata_PingDemo.o      idata   0x000509       data   0x000000
        .udata_PingDemo.o      udata   0x000509       data   0x000000
        .idata_MPFSImg2.o      idata   0x000509       data   0x000000
        .udata_MPFSImg2.o      udata   0x000509       data   0x000000
         .idata_MPFSImg.o      idata   0x000509       data   0x000000
         .udata_MPFSImg.o      udata   0x000509       data   0x000000
.idata_TCPPerformanceTest.o      idata   0x000509       data   0x000000
.udata_TCPPerformanceTest.o      udata   0x000509       data   0x000000
         .idata_c018i_e.o      idata   0x000509       data   0x000000
        .idata_StackTsk.o      idata   0x000509       data   0x000000
       .idata_SPIEEPROM.o      idata   0x000509       data   0x000000
            .idata_SNTP.o      idata   0x000509       data   0x000000
            .udata_SNTP.o      udata   0x000509       data   0x000000
            .idata_SNMP.o      idata   0x000509       data   0x000000
            .udata_SNMP.o      udata   0x000509       data   0x000000
            .idata_SMTP.o      idata   0x000509       data   0x000000
            .udata_SMTP.o      udata   0x000509       data   0x000000
          .idata_Reboot.o      idata   0x000509       data   0x000000
          .udata_Reboot.o      udata   0x000509       data   0x000000
            .idata_NBNS.o      idata   0x000509       data   0x000000
            .udata_NBNS.o      udata   0x000509       data   0x000000
           .idata_MPFS2.o      idata   0x000509       data   0x000000
                 memory_1      idata   0x000800       data   0x0001db
       .udata_registers.o      udata   0x0009db       data   0x0001c4
             .udata_FTP.o      udata   0x000b9f       data   0x000049
            .udata_menu.o      udata   0x000be8       data   0x000018
                   .stack      udata   0x000d00       data   0x000100
             .udata_UDP.o      udata   0x000e00       data   0x0000f2
              .idata_IP.o      idata   0x000ef2       data   0x000002
       SYN_QUEUE_RAM_SECT      udata   0x000f00       data   0x00003c
                MATH_DATA      udata   0x000f3c       data   0x000004
              SFR_BANKED0      udata   0x000f40       data   0x000020
            SFR_UNBANKED0      udata   0x000f60       data   0x0000a0



                              Program Memory Usage 
                               Start         End      
                           ---------   ---------      
                            0x000000    0x01151e      
                            0x01fff8    0x01fffb      
            70947 out of 131072 program addresses used, program memory utilization is 54%



                              Symbols - Sorted by Name
                     Name    Address   Location    Storage File                     
                ---------  ---------  ---------  --------- ---------                
                  ARPInit   0x00f240    program     extern C:\Users\EricGoh\Desktop\2014-07-02 Liz v462a\Microchip\TCPIP Stack\ARP.c
            ARPIsResolved   0x00f474    program     extern C:\Users\EricGoh\Desktop\2014-07-02 Liz v462a\Microchip\TCPIP Stack\ARP.c
               ARPProcess   0x00f258    program     extern C:\Users\EricGoh\Desktop\2014-07-02 Liz v462a\Microchip\TCPIP Stack\ARP.c
                   ARPPut   0x00f120    program     static C:\Users\EricGoh\Desktop\2014-07-02 Liz v462a\Microchip\TCPIP Stack\ARP.c
               ARPResolve   0x00f3ac    program     extern C:\Users\EricGoh\Desktop\2014-07-02 Liz v462a\Microchip\TCPIP Stack\ARP.c
               AnnounceIP   0x00ff32    program     extern C:\Users\EricGoh\Desktop\2014-07-02 Liz v462a\Microchip\TCPIP Stack\Announce.c
                   BFCReg   0x007e28    program     static C:\Users\EricGoh\Desktop\2014-07-02 Liz v462a\Microchip\TCPIP Stack\ENCX24J600.c
                   BFSReg   0x007daa    program     static C:\Users\EricGoh\Desktop\2014-07-02 Liz v462a\Microchip\TCPIP Stack\ENCX24J600.c
     CalcIPBufferChecksum   0x0073f2    program     extern C:\Users\EricGoh\Desktop\2014-07-02 Liz v462a\Microchip\TCPIP Stack\ENCX24J600.c
           CalcIPChecksum   0x00d800    program     extern C:\Users\EricGoh\Desktop\2014-07-02 Liz v462a\Microchip\TCPIP Stack\Helpers.c
           CheckFreeSpace   0x0006b4    program     extern C:\Users\EricGoh\Desktop\2014-07-02 Liz v462a\Common\eeprom_task.c
           CheckMCUIsBusy   0x00dfb4    program     extern C:\Users\EricGoh\Desktop\2014-07-02 Liz v462a\Common\mcu.c
              CloseSocket   0x003d88    program     static C:\Users\EricGoh\Desktop\2014-07-02 Liz v462a\Microchip\TCPIP Stack\TCP.c
Convert3RealEnergyToCharArray   0x008628    program     extern C:\Users\EricGoh\Desktop\2014-07-02 Liz v462a\Common\utility.c
         ConvertCharToHex   0x00819e    program     extern C:\Users\EricGoh\Desktop\2014-07-02 Liz v462a\Common\utility.c
ConvertPowerReadingsToCharArray   0x008d0e    program     extern C:\Users\EricGoh\Desktop\2014-07-02 Liz v462a\Common\utility.c
           CustomClearWdt   0x00ce30    program     extern C:\Users\EricGoh\Desktop\2014-07-02 Liz v462a\Meter_Top_Board\Main_Meter_Top_Board.c
                   D100_1   0x0110c2    program     static C:\MCC18\src\extended\delays\d100tcyx.asm
                    D100x   0x0110c0    program     static C:\MCC18\src\extended\delays\d100tcyx.asm
                   D10K_1   0x01103c    program     static C:\MCC18\src\extended\delays\d10ktcyx.asm
                    D10Kl   0x01104a    program     static C:\MCC18\src\extended\delays\d10ktcyx.asm
                    D10Kx   0x011038    program     static C:\MCC18\src\extended\delays\d10ktcyx.asm
                    D10_1   0x01111a    program     static C:\MCC18\src\extended\delays\d10tcyx.asm
                     D10x   0x011112    program     static C:\MCC18\src\extended\delays\d10tcyx.asm
                    D1K_1   0x01109e    program     static C:\MCC18\src\extended\delays\d1ktcyx.asm
                     D1Kx   0x01109c    program     static C:\MCC18\src\extended\delays\d1ktcyx.asm
                   D3232S   0x00ee46    program     static C:\MCC18\src\extended\math\div32s.asm
                D3232SNEG   0x00ee54    program     static C:\MCC18\src\extended\math\div32s.asm
                 D3232SOK   0x00ee50    program     static C:\MCC18\src\extended\math\div32s.asm
                D3232SPOS   0x00ee72    program     static C:\MCC18\src\extended\math\div32s.asm
                  D3232SX   0x00eea8    program     static C:\MCC18\src\extended\math\div32s.asm
                  DA3232S   0x00ee30    program     static C:\MCC18\src\extended\math\div32s.asm
             Delay100TCYx   0x0110b0    program     extern C:\MCC18\src\extended\delays\d100tcyx.asm
             Delay10KTCYx   0x01102c    program     extern C:\MCC18\src\extended\delays\d10ktcyx.asm
              Delay10TCYx   0x01110a    program     extern C:\MCC18\src\extended\delays\d10tcyx.asm
              Delay1KTCYx   0x011090    program     extern C:\MCC18\src\extended\delays\d1ktcyx.asm
         DisconnectSocket   0x00a63e    program     static                          
            DiscoveryTask   0x01003e    program     extern C:\Users\EricGoh\Desktop\2014-07-02 Liz v462a\Microchip\TCPIP Stack\Announce.c
                  DoWrite   0x0104be    program     static C:\Users\EricGoh\Desktop\2014-07-02 Liz v462a\Microchip\TCPIP Stack\SPIEEPROM.c
       EEPROMEnergyRecord   0x000104    program     extern C:\Users\EricGoh\Desktop\2014-07-02 Liz v462a\Common\eeprom_task.c
     EEPROM_Read_Readings   0x0004a6    program     extern C:\Users\EricGoh\Desktop\2014-07-02 Liz v462a\Common\eeprom_task.c
    EEPROM_Write_Readings   0x0002e4    program     extern C:\Users\EricGoh\Desktop\2014-07-02 Liz v462a\Common\eeprom_task.c
ENERGY_OVERFLOW_FLAGS_QUEUE   0x000c5a    program     extern C:\Users\EricGoh\Desktop\2014-07-02 Liz v462a\Common\registers.c
ENERGY_OVERFLOW_FLAGS_SIZE_QUEUE   0x000c60    program     extern C:\Users\EricGoh\Desktop\2014-07-02 Liz v462a\Common\registers.c
                 Execute0   0x007a8a    program     static C:\Users\EricGoh\Desktop\2014-07-02 Liz v462a\Microchip\TCPIP Stack\ENCX24J600.c
                 Execute2   0x007ab2    program     static C:\Users\EricGoh\Desktop\2014-07-02 Liz v462a\Microchip\TCPIP Stack\ENCX24J600.c
                 Execute3   0x007b00    program     static C:\Users\EricGoh\Desktop\2014-07-02 Liz v462a\Microchip\TCPIP Stack\ENCX24J600.c
        ExecuteFTPCommand   0x00e71c    program     static C:\Users\EricGoh\Desktop\2014-07-02 Liz v462a\Microchip\TCPIP Stack\FTP.c
         FTPCommandString   0x010f74    program     static C:\Users\EricGoh\Desktop\2014-07-02 Liz v462a\Microchip\TCPIP Stack\FTP.c
                  FTPInit   0x00e38c    program     extern C:\Users\EricGoh\Desktop\2014-07-02 Liz v462a\Microchip\TCPIP Stack\FTP.c
        FTPResponseString   0x010f8f    program     static C:\Users\EricGoh\Desktop\2014-07-02 Liz v462a\Microchip\TCPIP Stack\FTP.c
                FTPServer   0x00e3c4    program     extern C:\Users\EricGoh\Desktop\2014-07-02 Liz v462a\Microchip\TCPIP Stack\FTP.c
                FTPVerify   0x010ec2    program     extern C:\Users\EricGoh\Desktop\2014-07-02 Liz v462a\Meter_Top_Board\LegacyHTTPApp.c
            FTP_USER_NAME   0x000bee    program     extern C:\Users\EricGoh\Desktop\2014-07-02 Liz v462a\Meter_Top_Board\LegacyHTTPApp.c
            FTP_USER_PASS   0x000bf4    program     extern C:\Users\EricGoh\Desktop\2014-07-02 Liz v462a\Meter_Top_Board\LegacyHTTPApp.c
       FindMatchingSocket   0x003624    program     static C:\Users\EricGoh\Desktop\2014-07-02 Liz v462a\Microchip\TCPIP Stack\TCP.c
       FindMatchingSocket   0x00c1aa    program     static C:\Users\EricGoh\Desktop\2014-07-02 Liz v462a\Microchip\TCPIP Stack\UDP.c
        FormatNetBIOSName   0x00d974    program     extern C:\Users\EricGoh\Desktop\2014-07-02 Liz v462a\Microchip\TCPIP Stack\Helpers.c
      GenerateRandomDWORD   0x00d056    program     extern C:\Users\EricGoh\Desktop\2014-07-02 Liz v462a\Microchip\TCPIP Stack\Helpers.c
                GetCLKOUT   0x007908    program     extern C:\Users\EricGoh\Desktop\2014-07-02 Liz v462a\Microchip\TCPIP Stack\ENCX24J600.c
      GetMaxSegSizeOption   0x003e12    program     static C:\Users\EricGoh\Desktop\2014-07-02 Liz v462a\Microchip\TCPIP Stack\TCP.c
              GetTickCopy   0x000ab8    program     static C:\Users\EricGoh\Desktop\2014-07-02 Liz v462a\Microchip\TCPIP Stack\Tick.c
             HandleTCPSeg   0x003f1c    program     static C:\Users\EricGoh\Desktop\2014-07-02 Liz v462a\Microchip\TCPIP Stack\TCP.c
                  HighISR   0x00c3ec    program     extern C:\Users\EricGoh\Desktop\2014-07-02 Liz v462a\Meter_Top_Board\Main_Meter_Top_Board.c
               HighVector   0x000008    program     extern C:\Users\EricGoh\Desktop\2014-07-02 Liz v462a\Meter_Top_Board\Main_Meter_Top_Board.c
        IPAddressToString   0x008042    program     extern C:\Users\EricGoh\Desktop\2014-07-02 Liz v462a\Common\utility.c
              IPGetHeader   0x0105ec    program     extern C:\Users\EricGoh\Desktop\2014-07-02 Liz v462a\Microchip\TCPIP Stack\IP.c
              IPPutHeader   0x0106ec    program     extern C:\Users\EricGoh\Desktop\2014-07-02 Liz v462a\Microchip\TCPIP Stack\IP.c
            IPSetRxBuffer   0x0107ea    program     extern C:\Users\EricGoh\Desktop\2014-07-02 Liz v462a\Microchip\TCPIP Stack\IP.c
            InitAppConfig   0x00ca86    program     static C:\Users\EricGoh\Desktop\2014-07-02 Liz v462a\Meter_Top_Board\Main_Meter_Top_Board.c
      InitEEPROMSavePower   0x0002aa    program     extern C:\Users\EricGoh\Desktop\2014-07-02 Liz v462a\Common\eeprom_task.c
          InitializeBoard   0x00c9f0    program     static C:\Users\EricGoh\Desktop\2014-07-02 Liz v462a\Meter_Top_Board\Main_Meter_Top_Board.c
          LCD_ClearScreen   0x010b00    program     extern C:\Users\EricGoh\Desktop\2014-07-02 Liz v462a\Common\lcd.c
                 LCD_Init   0x010b14    program     extern C:\Users\EricGoh\Desktop\2014-07-02 Liz v462a\Common\lcd.c
          LCD_PrintString   0x010b74    program     extern C:\Users\EricGoh\Desktop\2014-07-02 Liz v462a\Common\lcd.c
       LCD_PrintStringPGM   0x010c2a    program     extern C:\Users\EricGoh\Desktop\2014-07-02 Liz v462a\Common\lcd.c
                 LFSRRand   0x00cf9a    program     extern C:\Users\EricGoh\Desktop\2014-07-02 Liz v462a\Microchip\TCPIP Stack\Helpers.c
             LFSRSeedRand   0x00cf30    program     extern C:\Users\EricGoh\Desktop\2014-07-02 Liz v462a\Microchip\TCPIP Stack\Helpers.c
          LongToCharArray   0x008232    program     extern C:\Users\EricGoh\Desktop\2014-07-02 Liz v462a\Common\utility.c
                   LowISR   0x00c322    program     extern C:\Users\EricGoh\Desktop\2014-07-02 Liz v462a\Meter_Top_Board\Main_Meter_Top_Board.c
                LowVector   0x000018    program     extern C:\Users\EricGoh\Desktop\2014-07-02 Liz v462a\Meter_Top_Board\Main_Meter_Top_Board.c
       MACAddressToString   0x0080de    program     extern C:\Users\EricGoh\Desktop\2014-07-02 Liz v462a\Common\utility.c
        MACCalcRxChecksum   0x0072e4    program     extern C:\Users\EricGoh\Desktop\2014-07-02 Liz v462a\Microchip\TCPIP Stack\ENCX24J600.c
             MACDiscardRx   0x006dea    program     extern C:\Users\EricGoh\Desktop\2014-07-02 Liz v462a\Microchip\TCPIP Stack\ENCX24J600.c
           MACEDPowerDown   0x007858    program     extern C:\Users\EricGoh\Desktop\2014-07-02 Liz v462a\Microchip\TCPIP Stack\ENCX24J600.c
                 MACFlush   0x00711c    program     extern C:\Users\EricGoh\Desktop\2014-07-02 Liz v462a\Microchip\TCPIP Stack\ENCX24J600.c
                   MACGet   0x00762e    program     extern C:\Users\EricGoh\Desktop\2014-07-02 Liz v462a\Microchip\TCPIP Stack\ENCX24J600.c
              MACGetArray   0x00765e    program     extern C:\Users\EricGoh\Desktop\2014-07-02 Liz v462a\Microchip\TCPIP Stack\ENCX24J600.c
         MACGetFreeRxSize   0x006e62    program     extern C:\Users\EricGoh\Desktop\2014-07-02 Liz v462a\Microchip\TCPIP Stack\ENCX24J600.c
             MACGetHeader   0x006f02    program     extern C:\Users\EricGoh\Desktop\2014-07-02 Liz v462a\Microchip\TCPIP Stack\ENCX24J600.c
                  MACInit   0x006c12    program     extern C:\Users\EricGoh\Desktop\2014-07-02 Liz v462a\Microchip\TCPIP Stack\ENCX24J600.c
              MACIsLinked   0x006db2    program     extern C:\Users\EricGoh\Desktop\2014-07-02 Liz v462a\Microchip\TCPIP Stack\ENCX24J600.c
         MACIsMemCopyDone   0x0075e0    program     extern C:\Users\EricGoh\Desktop\2014-07-02 Liz v462a\Microchip\TCPIP Stack\ENCX24J600.c
             MACIsTxReady   0x006dce    program     extern C:\Users\EricGoh\Desktop\2014-07-02 Liz v462a\Microchip\TCPIP Stack\ENCX24J600.c
          MACMemCopyAsync   0x0074be    program     extern C:\Users\EricGoh\Desktop\2014-07-02 Liz v462a\Microchip\TCPIP Stack\ENCX24J600.c
             MACPowerDown   0x0077dc    program     extern C:\Users\EricGoh\Desktop\2014-07-02 Liz v462a\Microchip\TCPIP Stack\ENCX24J600.c
               MACPowerUp   0x007868    program     extern C:\Users\EricGoh\Desktop\2014-07-02 Liz v462a\Microchip\TCPIP Stack\ENCX24J600.c
                   MACPut   0x0076ee    program     extern C:\Users\EricGoh\Desktop\2014-07-02 Liz v462a\Microchip\TCPIP Stack\ENCX24J600.c
              MACPutArray   0x007716    program     extern C:\Users\EricGoh\Desktop\2014-07-02 Liz v462a\Microchip\TCPIP Stack\ENCX24J600.c
             MACPutHeader   0x00706c    program     extern C:\Users\EricGoh\Desktop\2014-07-02 Liz v462a\Microchip\TCPIP Stack\ENCX24J600.c
           MACPutROMArray   0x007740    program     extern C:\Users\EricGoh\Desktop\2014-07-02 Liz v462a\Microchip\TCPIP Stack\ENCX24J600.c
            MACSetReadPtr   0x00729e    program     extern C:\Users\EricGoh\Desktop\2014-07-02 Liz v462a\Microchip\TCPIP Stack\ENCX24J600.c
        MACSetReadPtrInRx   0x0071e8    program     extern C:\Users\EricGoh\Desktop\2014-07-02 Liz v462a\Microchip\TCPIP Stack\ENCX24J600.c
           MACSetWritePtr   0x007258    program     extern C:\Users\EricGoh\Desktop\2014-07-02 Liz v462a\Microchip\TCPIP Stack\ENCX24J600.c
                  MCUOpen   0x00da4c    program     extern C:\Users\EricGoh\Desktop\2014-07-02 Liz v462a\Common\mcu.c
MCUProcessIncomingMessage   0x00dace    program     extern C:\Users\EricGoh\Desktop\2014-07-02 Liz v462a\Common\mcu.c
  MCURequestToBOTTOMBoard   0x00e04a    program     extern C:\Users\EricGoh\Desktop\2014-07-02 Liz v462a\Common\mcu.c
            MCUSendString   0x00e266    program     extern C:\Users\EricGoh\Desktop\2014-07-02 Liz v462a\Common\mcu.c
                 MCUTasks   0x00da62    program     extern C:\Users\EricGoh\Desktop\2014-07-02 Liz v462a\Common\mcu.c
            MCUUnloadData   0x00da6e    program     extern C:\Users\EricGoh\Desktop\2014-07-02 Liz v462a\Common\mcu.c
             MCUWriteByte   0x00e36c    program     extern C:\Users\EricGoh\Desktop\2014-07-02 Liz v462a\Common\mcu.c
                MPFSClose   0x0059e8    program     extern C:\Users\EricGoh\Desktop\2014-07-02 Liz v462a\Microchip\TCPIP Stack\MPFS2.c
               MPFSFormat   0x00623c    program     extern C:\Users\EricGoh\Desktop\2014-07-02 Liz v462a\Microchip\TCPIP Stack\MPFS2.c
                  MPFSGet   0x005a3a    program     extern C:\Users\EricGoh\Desktop\2014-07-02 Liz v462a\Microchip\TCPIP Stack\MPFS2.c
             MPFSGetArray   0x005c2a    program     extern C:\Users\EricGoh\Desktop\2014-07-02 Liz v462a\Microchip\TCPIP Stack\MPFS2.c
          MPFSGetBytesRem   0x0067ea    program     extern C:\Users\EricGoh\Desktop\2014-07-02 Liz v462a\Microchip\TCPIP Stack\MPFS2.c
           MPFSGetEndAddr   0x00693e    program     extern C:\Users\EricGoh\Desktop\2014-07-02 Liz v462a\Microchip\TCPIP Stack\MPFS2.c
          MPFSGetFilename   0x006a1e    program     extern C:\Users\EricGoh\Desktop\2014-07-02 Liz v462a\Microchip\TCPIP Stack\MPFS2.c
             MPFSGetFlags   0x00669a    program     extern C:\Users\EricGoh\Desktop\2014-07-02 Liz v462a\Microchip\TCPIP Stack\MPFS2.c
                MPFSGetID   0x006b5e    program     extern C:\Users\EricGoh\Desktop\2014-07-02 Liz v462a\Microchip\TCPIP Stack\MPFS2.c
              MPFSGetLong   0x005e46    program     extern C:\Users\EricGoh\Desktop\2014-07-02 Liz v462a\Microchip\TCPIP Stack\MPFS2.c
         MPFSGetMicrotime   0x0065ea    program     extern C:\Users\EricGoh\Desktop\2014-07-02 Liz v462a\Microchip\TCPIP Stack\MPFS2.c
          MPFSGetPosition   0x006af4    program     extern C:\Users\EricGoh\Desktop\2014-07-02 Liz v462a\Microchip\TCPIP Stack\MPFS2.c
              MPFSGetSize   0x00673a    program     extern C:\Users\EricGoh\Desktop\2014-07-02 Liz v462a\Microchip\TCPIP Stack\MPFS2.c
         MPFSGetStartAddr   0x00688e    program     extern C:\Users\EricGoh\Desktop\2014-07-02 Liz v462a\Microchip\TCPIP Stack\MPFS2.c
         MPFSGetTimestamp   0x00653a    program     extern C:\Users\EricGoh\Desktop\2014-07-02 Liz v462a\Microchip\TCPIP Stack\MPFS2.c
                 MPFSInit   0x00532e    program     extern C:\Users\EricGoh\Desktop\2014-07-02 Liz v462a\Microchip\TCPIP Stack\MPFS2.c
                 MPFSOpen   0x00539c    program     extern C:\Users\EricGoh\Desktop\2014-07-02 Liz v462a\Microchip\TCPIP Stack\MPFS2.c
               MPFSOpenID   0x0058c4    program     extern C:\Users\EricGoh\Desktop\2014-07-02 Liz v462a\Microchip\TCPIP Stack\MPFS2.c
              MPFSOpenROM   0x00560e    program     extern C:\Users\EricGoh\Desktop\2014-07-02 Liz v462a\Microchip\TCPIP Stack\MPFS2.c
             MPFSPutArray   0x00632e    program     extern C:\Users\EricGoh\Desktop\2014-07-02 Liz v462a\Microchip\TCPIP Stack\MPFS2.c
               MPFSPutEnd   0x00646c    program     extern C:\Users\EricGoh\Desktop\2014-07-02 Liz v462a\Microchip\TCPIP Stack\MPFS2.c
                 MPFSSeek   0x005e8a    program     extern C:\Users\EricGoh\Desktop\2014-07-02 Liz v462a\Microchip\TCPIP Stack\MPFS2.c
         ModbusReqHandler   0x00aeb8    program     extern C:\Users\EricGoh\Desktop\2014-07-02 Liz v462a\Common\ModbusTCPServer_Meter.c
   Modbus_MeterServerTask   0x00a498    program     extern C:\Users\EricGoh\Desktop\2014-07-02 Liz v462a\Common\ModbusTCPServer_Meter.c
   MultiplyTwoLongNumbers   0x00838a    program     extern C:\Users\EricGoh\Desktop\2014-07-02 Liz v462a\Common\utility.c
                  OneByte   0x00f812    program     static C:\MCC18\src\extended\stdclib\itobcd.asm
                  OneByte   0x00f9bc    program     static C:\MCC18\src\extended\stdclib\ltobcd.asm
               Open1USART   0x010e48    program     extern C:\MCC18\src\pmc_common\USART\u1open.c
PHASE_ENERGY_REGISTERS_QUEUE   0x000c16    program     extern C:\Users\EricGoh\Desktop\2014-07-02 Liz v462a\Common\registers.c
 PHASE_STATUS_FLAGS_QUEUE   0x000c4a    program     extern C:\Users\EricGoh\Desktop\2014-07-02 Liz v462a\Common\registers.c
PHASE_STATUS_FLAGS_SIZE_QUEUE   0x000c52    program     extern C:\Users\EricGoh\Desktop\2014-07-02 Liz v462a\Common\registers.c
  POWER_CALIBRATION_QUEUE   0x000c00    program     extern C:\Users\EricGoh\Desktop\2014-07-02 Liz v462a\Common\registers.c
POWER_CALIBRATION_SIZE_QUEUE   0x000c34    program     extern C:\Users\EricGoh\Desktop\2014-07-02 Liz v462a\Common\registers.c
  POWER_REGISTERS_QUEUE_A   0x000c86    program     extern C:\Users\EricGoh\Desktop\2014-07-02 Liz v462a\Common\registers.c
  POWER_REGISTERS_QUEUE_B   0x000ca6    program     extern C:\Users\EricGoh\Desktop\2014-07-02 Liz v462a\Common\registers.c
  POWER_REGISTERS_QUEUE_C   0x000cc6    program     extern C:\Users\EricGoh\Desktop\2014-07-02 Liz v462a\Common\registers.c
  POWER_REGISTERS_QUEUE_M   0x000c66    program     extern C:\Users\EricGoh\Desktop\2014-07-02 Liz v462a\Common\registers.c
POWER_REGISTERS_SIZE_QUEUE_A   0x000cf6    program     extern C:\Users\EricGoh\Desktop\2014-07-02 Liz v462a\Common\registers.c
POWER_REGISTERS_SIZE_QUEUE_B   0x000d06    program     extern C:\Users\EricGoh\Desktop\2014-07-02 Liz v462a\Common\registers.c
POWER_REGISTERS_SIZE_QUEUE_C   0x000d16    program     extern C:\Users\EricGoh\Desktop\2014-07-02 Liz v462a\Common\registers.c
POWER_REGISTERS_SIZE_QUEUE_M   0x000ce6    program     extern C:\Users\EricGoh\Desktop\2014-07-02 Liz v462a\Common\registers.c
 POWER_SIGNED_REGISTERS_A   0x000d36    program     extern C:\Users\EricGoh\Desktop\2014-07-02 Liz v462a\Common\registers.c
 POWER_SIGNED_REGISTERS_M   0x000d26    program     extern C:\Users\EricGoh\Desktop\2014-07-02 Liz v462a\Common\registers.c
          ParseFTPCommand   0x00ea12    program     static C:\Users\EricGoh\Desktop\2014-07-02 Liz v462a\Microchip\TCPIP Stack\FTP.c
           ParseFTPString   0x00eaca    program     static C:\Users\EricGoh\Desktop\2014-07-02 Liz v462a\Microchip\TCPIP Stack\FTP.c
                ProcLower   0x00f7c6    program     static C:\MCC18\src\extended\stdclib\itoa.asm
                ProcLower   0x00f954    program     static C:\MCC18\src\extended\stdclib\ltoa.asm
                ProcLower   0x00face    program     static C:\MCC18\src\extended\stdclib\ultoa.asm
                ProcUpper   0x00f7bc    program     static C:\MCC18\src\extended\stdclib\itoa.asm
                ProcUpper   0x00f94a    program     static C:\MCC18\src\extended\stdclib\ltoa.asm
                ProcUpper   0x00fac4    program     static C:\MCC18\src\extended\stdclib\ultoa.asm
                  PutFile   0x00e8c2    program     static C:\Users\EricGoh\Desktop\2014-07-02 Liz v462a\Microchip\TCPIP Stack\FTP.c
                     Quit   0x00e822    program     static C:\Users\EricGoh\Desktop\2014-07-02 Liz v462a\Microchip\TCPIP Stack\FTP.c
                  RESTORE   0x00ef48    program     static C:\MCC18\src\extended\math\div32u.asm
                  RESTORE   0x00ee9a    program     static C:\MCC18\src\extended\math\div32s.asm
                  RESTORE   0x00ede8    program     static C:\MCC18\src\extended\math\div16u.asm
              RETQUOTIENT   0x00ef38    program     static C:\MCC18\src\extended\math\div32u.asm
              RETQUOTIENT   0x00ee8a    program     static C:\MCC18\src\extended\math\div32s.asm
              RETQUOTIENT   0x00ede0    program     static C:\MCC18\src\extended\math\div16u.asm
     ROMStringToIPAddress   0x00d394    program     extern C:\Users\EricGoh\Desktop\2014-07-02 Liz v462a\Microchip\TCPIP Stack\Helpers.c
               Read1USART   0x010fb6    program     extern C:\MCC18\src\pmc_common\USART\u1read.c
         ReadMemoryWindow   0x007a42    program     static C:\Users\EricGoh\Desktop\2014-07-02 Liz v462a\Microchip\TCPIP Stack\ENCX24J600.c
                    ReadN   0x007b66    program     static C:\Users\EricGoh\Desktop\2014-07-02 Liz v462a\Microchip\TCPIP Stack\ENCX24J600.c
               ReadPHYReg   0x007ea6    program     extern C:\Users\EricGoh\Desktop\2014-07-02 Liz v462a\Microchip\TCPIP Stack\ENCX24J600.c
                  ReadReg   0x007c1c    program     static C:\Users\EricGoh\Desktop\2014-07-02 Liz v462a\Microchip\TCPIP Stack\ENCX24J600.c
             ResetControl   0x00cda4    program     extern C:\Users\EricGoh\Desktop\2014-07-02 Liz v462a\Meter_Top_Board\Main_Meter_Top_Board.c
              ResetMemory   0x000784    program     extern C:\Users\EricGoh\Desktop\2014-07-02 Liz v462a\Common\eeprom_task.c
                  SETSIGN   0x00ee16    program     static C:\MCC18\src\extended\math\div32s.asm
                 SETUPSTK   0x00edf6    program     static C:\MCC18\src\extended\math\div32s.asm
                 SETUPSTK   0x00eeb2    program     static C:\MCC18\src\extended\math\div32u.asm
                 SETUPSTK   0x00ed7e    program     static C:\MCC18\src\extended\math\div16u.asm
            SaveAppConfig   0x00cd10    program     extern C:\Users\EricGoh\Desktop\2014-07-02 Liz v462a\Meter_Top_Board\Main_Meter_Top_Board.c
          SendSystemReset   0x007934    program     static C:\Users\EricGoh\Desktop\2014-07-02 Liz v462a\Microchip\TCPIP Stack\ENCX24J600.c
                  SendTCP   0x003050    program     static C:\Users\EricGoh\Desktop\2014-07-02 Liz v462a\Microchip\TCPIP Stack\TCP.c
     SerializedMACAddress   0x0000f8    program     static C:\Users\EricGoh\Desktop\2014-07-02 Liz v462a\Meter_Top_Board\Main_Meter_Top_Board.c
                SetCLKOUT   0x0078c6    program     extern C:\Users\EricGoh\Desktop\2014-07-02 Liz v462a\Microchip\TCPIP Stack\ENCX24J600.c
             SetMCUIsBusy   0x00e014    program     extern C:\Users\EricGoh\Desktop\2014-07-02 Liz v462a\Common\mcu.c
                  Set_div   0x010ff4    program     extern C:\Users\EricGoh\Desktop\2014-07-02 Liz v462a\Common\registers.c
    Split3P_ToSinglePhase   0x000916    program     extern C:\Users\EricGoh\Desktop\2014-07-02 Liz v462a\Common\eeprom_task.c
        StackApplications   0x010da2    program     extern C:\Users\EricGoh\Desktop\2014-07-02 Liz v462a\Microchip\TCPIP Stack\StackTsk.c
                StackInit   0x010c78    program     extern C:\Users\EricGoh\Desktop\2014-07-02 Liz v462a\Microchip\TCPIP Stack\StackTsk.c
                StackTask   0x010cca    program     extern C:\Users\EricGoh\Desktop\2014-07-02 Liz v462a\Microchip\TCPIP Stack\StackTsk.c
        StringToIPAddress   0x00d1d6    program     extern C:\Users\EricGoh\Desktop\2014-07-02 Liz v462a\Microchip\TCPIP Stack\Helpers.c
            SwapARPPacket   0x00f54a    program     extern C:\Users\EricGoh\Desktop\2014-07-02 Liz v462a\Microchip\TCPIP Stack\ARP.c
             SwapIPHeader   0x01081a    program     static C:\Users\EricGoh\Desktop\2014-07-02 Liz v462a\Microchip\TCPIP Stack\IP.c
            SwapTCPHeader   0x003ba4    program     static C:\Users\EricGoh\Desktop\2014-07-02 Liz v462a\Microchip\TCPIP Stack\TCP.c
                  SyncTCB   0x000dd8    program     static C:\Users\EricGoh\Desktop\2014-07-02 Liz v462a\Microchip\TCPIP Stack\TCP.c
              SyncTCBStub   0x000d46    program     static C:\Users\EricGoh\Desktop\2014-07-02 Liz v462a\Microchip\TCPIP Stack\TCP.c
        TCPAdjustFIFOSize   0x004f36    program     extern C:\Users\EricGoh\Desktop\2014-07-02 Liz v462a\Microchip\TCPIP Stack\TCP.c
                 TCPClose   0x0013e2    program     extern C:\Users\EricGoh\Desktop\2014-07-02 Liz v462a\Microchip\TCPIP Stack\TCP.c
               TCPDiscard   0x001ae2    program     extern C:\Users\EricGoh\Desktop\2014-07-02 Liz v462a\Microchip\TCPIP Stack\TCP.c
            TCPDisconnect   0x00131c    program     extern C:\Users\EricGoh\Desktop\2014-07-02 Liz v462a\Microchip\TCPIP Stack\TCP.c
           TCPFindArrayEx   0x001fc8    program     extern C:\Users\EricGoh\Desktop\2014-07-02 Liz v462a\Microchip\TCPIP Stack\TCP.c
                TCPFindEx   0x0026de    program     extern C:\Users\EricGoh\Desktop\2014-07-02 Liz v462a\Microchip\TCPIP Stack\TCP.c
        TCPFindROMArrayEx   0x00231e    program     extern C:\Users\EricGoh\Desktop\2014-07-02 Liz v462a\Microchip\TCPIP Stack\TCP.c
                 TCPFlush   0x00145c    program     extern C:\Users\EricGoh\Desktop\2014-07-02 Liz v462a\Microchip\TCPIP Stack\TCP.c
                   TCPGet   0x001bb4    program     extern C:\Users\EricGoh\Desktop\2014-07-02 Liz v462a\Microchip\TCPIP Stack\TCP.c
              TCPGetArray   0x001c7c    program     extern C:\Users\EricGoh\Desktop\2014-07-02 Liz v462a\Microchip\TCPIP Stack\TCP.c
         TCPGetRemoteInfo   0x001408    program     extern C:\Users\EricGoh\Desktop\2014-07-02 Liz v462a\Microchip\TCPIP Stack\TCP.c
         TCPGetRxFIFOFree   0x001dee    program     extern C:\Users\EricGoh\Desktop\2014-07-02 Liz v462a\Microchip\TCPIP Stack\TCP.c
         TCPGetTxFIFOFull   0x001a7e    program     extern C:\Users\EricGoh\Desktop\2014-07-02 Liz v462a\Microchip\TCPIP Stack\TCP.c
                  TCPInit   0x000e88    program     extern C:\Users\EricGoh\Desktop\2014-07-02 Liz v462a\Microchip\TCPIP Stack\TCP.c
           TCPIsConnected   0x0012f2    program     extern C:\Users\EricGoh\Desktop\2014-07-02 Liz v462a\Microchip\TCPIP Stack\TCP.c
            TCPIsGetReady   0x001b2c    program     extern C:\Users\EricGoh\Desktop\2014-07-02 Liz v462a\Microchip\TCPIP Stack\TCP.c
            TCPIsPutReady   0x001494    program     extern C:\Users\EricGoh\Desktop\2014-07-02 Liz v462a\Microchip\TCPIP Stack\TCP.c
                  TCPOpen   0x00112a    program     extern C:\Users\EricGoh\Desktop\2014-07-02 Liz v462a\Microchip\TCPIP Stack\TCP.c
                  TCPPeek   0x001f90    program     extern C:\Users\EricGoh\Desktop\2014-07-02 Liz v462a\Microchip\TCPIP Stack\TCP.c
             TCPPeekArray   0x001e42    program     extern C:\Users\EricGoh\Desktop\2014-07-02 Liz v462a\Microchip\TCPIP Stack\TCP.c
               TCPProcess   0x002ef0    program     extern C:\Users\EricGoh\Desktop\2014-07-02 Liz v462a\Microchip\TCPIP Stack\TCP.c
                   TCPPut   0x00153a    program     extern C:\Users\EricGoh\Desktop\2014-07-02 Liz v462a\Microchip\TCPIP Stack\TCP.c
              TCPPutArray   0x00164c    program     extern C:\Users\EricGoh\Desktop\2014-07-02 Liz v462a\Microchip\TCPIP Stack\TCP.c
           TCPPutROMArray   0x0017f0    program     extern C:\Users\EricGoh\Desktop\2014-07-02 Liz v462a\Microchip\TCPIP Stack\TCP.c
          TCPPutROMString   0x0019fe    program     extern C:\Users\EricGoh\Desktop\2014-07-02 Liz v462a\Microchip\TCPIP Stack\TCP.c
             TCPPutString   0x0019ae    program     extern C:\Users\EricGoh\Desktop\2014-07-02 Liz v462a\Microchip\TCPIP Stack\TCP.c
               TCPRAMCopy   0x005174    program     static C:\Users\EricGoh\Desktop\2014-07-02 Liz v462a\Microchip\TCPIP Stack\TCP.c
            TCPRAMCopyROM   0x00524e    program     static C:\Users\EricGoh\Desktop\2014-07-02 Liz v462a\Microchip\TCPIP Stack\TCP.c
     TCPSocketInitializer   0x0000d4    program     extern C:\Users\EricGoh\Desktop\2014-07-02 Liz v462a\Meter_Top_Board\TCPIPConfig.h
                  TCPTick   0x00271e    program     extern C:\Users\EricGoh\Desktop\2014-07-02 Liz v462a\Microchip\TCPIP Stack\TCP.c
              TCPWasReset   0x0012c8    program     extern C:\Users\EricGoh\Desktop\2014-07-02 Liz v462a\Microchip\TCPIP Stack\TCP.c
TickConvertToMilliseconds   0x000b68    program     extern C:\Users\EricGoh\Desktop\2014-07-02 Liz v462a\Microchip\TCPIP Stack\Tick.c
                  TickGet   0x000ade    program     extern C:\Users\EricGoh\Desktop\2014-07-02 Liz v462a\Microchip\TCPIP Stack\Tick.c
            TickGetDiv256   0x000af4    program     extern C:\Users\EricGoh\Desktop\2014-07-02 Liz v462a\Microchip\TCPIP Stack\Tick.c
            TickGetDiv64K   0x000b2e    program     extern C:\Users\EricGoh\Desktop\2014-07-02 Liz v462a\Microchip\TCPIP Stack\Tick.c
                 TickInit   0x000aa8    program     extern C:\Users\EricGoh\Desktop\2014-07-02 Liz v462a\Microchip\TCPIP Stack\Tick.c
               TickUpdate   0x000bda    program     extern C:\Users\EricGoh\Desktop\2014-07-02 Liz v462a\Microchip\TCPIP Stack\Tick.c
            ToggleCRYPTEN   0x007f7e    program     static C:\Users\EricGoh\Desktop\2014-07-02 Liz v462a\Microchip\TCPIP Stack\ENCX24J600.c
                 TstLower   0x00f93e    program     static C:\MCC18\src\extended\stdclib\ltoa.asm
                 TstLower   0x00f7b0    program     static C:\MCC18\src\extended\stdclib\itoa.asm
                 TstLower   0x00fab8    program     static C:\MCC18\src\extended\stdclib\ultoa.asm
                 TstUpper   0x00f938    program     static C:\MCC18\src\extended\stdclib\ltoa.asm
                 TstUpper   0x00fab2    program     static C:\MCC18\src\extended\stdclib\ultoa.asm
                 TstUpper   0x00f7aa    program     static C:\MCC18\src\extended\stdclib\itoa.asm
                 UDPClose   0x00b964    program     extern C:\Users\EricGoh\Desktop\2014-07-02 Liz v462a\Microchip\TCPIP Stack\UDP.c
               UDPDiscard   0x00c026    program     extern C:\Users\EricGoh\Desktop\2014-07-02 Liz v462a\Microchip\TCPIP Stack\UDP.c
                 UDPFlush   0x00bd42    program     extern C:\Users\EricGoh\Desktop\2014-07-02 Liz v462a\Microchip\TCPIP Stack\UDP.c
                   UDPGet   0x00bf5a    program     extern C:\Users\EricGoh\Desktop\2014-07-02 Liz v462a\Microchip\TCPIP Stack\UDP.c
              UDPGetArray   0x00bfa4    program     extern C:\Users\EricGoh\Desktop\2014-07-02 Liz v462a\Microchip\TCPIP Stack\UDP.c
                  UDPInit   0x00b48c    program     extern C:\Users\EricGoh\Desktop\2014-07-02 Liz v462a\Microchip\TCPIP Stack\UDP.c
            UDPIsGetReady   0x00bf04    program     extern C:\Users\EricGoh\Desktop\2014-07-02 Liz v462a\Microchip\TCPIP Stack\UDP.c
              UDPIsOpened   0x00b928    program     extern C:\Users\EricGoh\Desktop\2014-07-02 Liz v462a\Microchip\TCPIP Stack\UDP.c
            UDPIsPutReady   0x00ba62    program     extern C:\Users\EricGoh\Desktop\2014-07-02 Liz v462a\Microchip\TCPIP Stack\UDP.c
                UDPOpenEx   0x00b4b8    program     extern C:\Users\EricGoh\Desktop\2014-07-02 Liz v462a\Microchip\TCPIP Stack\UDP.c
               UDPProcess   0x00c040    program     extern C:\Users\EricGoh\Desktop\2014-07-02 Liz v462a\Microchip\TCPIP Stack\UDP.c
                   UDPPut   0x00bae0    program     extern C:\Users\EricGoh\Desktop\2014-07-02 Liz v462a\Microchip\TCPIP Stack\UDP.c
              UDPPutArray   0x00bb3e    program     extern C:\Users\EricGoh\Desktop\2014-07-02 Liz v462a\Microchip\TCPIP Stack\UDP.c
           UDPPutROMArray   0x00bbda    program     extern C:\Users\EricGoh\Desktop\2014-07-02 Liz v462a\Microchip\TCPIP Stack\UDP.c
          UDPPutROMString   0x00bcc6    program     extern C:\Users\EricGoh\Desktop\2014-07-02 Liz v462a\Microchip\TCPIP Stack\UDP.c
             UDPPutString   0x00bc7a    program     extern C:\Users\EricGoh\Desktop\2014-07-02 Liz v462a\Microchip\TCPIP Stack\UDP.c
           UDPSetRxBuffer   0x00ba2c    program     extern C:\Users\EricGoh\Desktop\2014-07-02 Liz v462a\Microchip\TCPIP Stack\UDP.c
           UDPSetTxBuffer   0x00b9da    program     extern C:\Users\EricGoh\Desktop\2014-07-02 Liz v462a\Microchip\TCPIP Stack\UDP.c
                  UDPTask   0x00b68a    program     extern C:\Users\EricGoh\Desktop\2014-07-02 Liz v462a\Microchip\TCPIP Stack\UDP.c
            UpdateRecords   0x00082e    program     extern C:\Users\EricGoh\Desktop\2014-07-02 Liz v462a\Common\eeprom_task.c
                UserInput   0x009476    program     extern C:\Users\EricGoh\Desktop\2014-07-02 Liz v462a\Common\menu.c
              Write1USART   0x011062    program     extern C:\MCC18\src\pmc_common\USART\u1write.c
        WriteMemoryWindow   0x007a02    program     static C:\Users\EricGoh\Desktop\2014-07-02 Liz v462a\Microchip\TCPIP Stack\ENCX24J600.c
                   WriteN   0x007bc0    program     static C:\Users\EricGoh\Desktop\2014-07-02 Liz v462a\Microchip\TCPIP Stack\ENCX24J600.c
              WritePHYReg   0x007f28    program     extern C:\Users\EricGoh\Desktop\2014-07-02 Liz v462a\Microchip\TCPIP Stack\ENCX24J600.c
                 WriteReg   0x007cf0    program     static C:\Users\EricGoh\Desktop\2014-07-02 Liz v462a\Microchip\TCPIP Stack\ENCX24J600.c
                Write_Lcd   0x010ad2    program     extern C:\Users\EricGoh\Desktop\2014-07-02 Liz v462a\Common\lcd.c
             XEEBeginRead   0x0102b8    program     extern C:\Users\EricGoh\Desktop\2014-07-02 Liz v462a\Microchip\TCPIP Stack\SPIEEPROM.c
            XEEBeginWrite   0x0103f8    program     extern C:\Users\EricGoh\Desktop\2014-07-02 Liz v462a\Microchip\TCPIP Stack\SPIEEPROM.c
               XEEEndRead   0x01033c    program     extern C:\Users\EricGoh\Desktop\2014-07-02 Liz v462a\Microchip\TCPIP Stack\SPIEEPROM.c
              XEEEndWrite   0x0104b0    program     extern C:\Users\EricGoh\Desktop\2014-07-02 Liz v462a\Microchip\TCPIP Stack\SPIEEPROM.c
                  XEEInit   0x0102a2    program     extern C:\Users\EricGoh\Desktop\2014-07-02 Liz v462a\Microchip\TCPIP Stack\SPIEEPROM.c
                XEEIsBusy   0x010584    program     extern C:\Users\EricGoh\Desktop\2014-07-02 Liz v462a\Microchip\TCPIP Stack\SPIEEPROM.c
                  XEERead   0x0102e2    program     extern C:\Users\EricGoh\Desktop\2014-07-02 Liz v462a\Microchip\TCPIP Stack\SPIEEPROM.c
             XEEReadArray   0x010342    program     extern C:\Users\EricGoh\Desktop\2014-07-02 Liz v462a\Microchip\TCPIP Stack\SPIEEPROM.c
                 XEEWrite   0x010422    program     extern C:\Users\EricGoh\Desktop\2014-07-02 Liz v462a\Microchip\TCPIP Stack\SPIEEPROM.c
            XEEWriteArray   0x01046e    program     extern C:\Users\EricGoh\Desktop\2014-07-02 Liz v462a\Microchip\TCPIP Stack\SPIEEPROM.c
              _2jContinue   0x00fd3e    program     static C:\MCC18\src\extended\stdclib\memset.asm
                   _2jEnd   0x00fe96    program     static C:\MCC18\src\extended\stdclib\slenpgm.asm
              _3jContinue   0x00fb54    program     static C:\MCC18\src\extended\stdclib\mcmpp2r.asm
              _3jContinue   0x00fbea    program     static C:\MCC18\src\extended\stdclib\mcpyp2p.asm
              _3jContinue   0x00fc72    program     static C:\MCC18\src\extended\stdclib\mcpyp2r.asm
                   _3jEnd   0x00f868    program     static C:\MCC18\src\extended\stdclib\ltoa.asm
                   _3jEnd   0x00fd48    program     static C:\MCC18\src\extended\stdclib\memset.asm
              _4jContinue   0x00fb9c    program     static C:\MCC18\src\extended\stdclib\memcpy.asm
              _4jContinue   0x00fcc4    program     static C:\MCC18\src\extended\stdclib\memmove.asm
              _4jContinue   0x00fee0    program     static C:\MCC18\src\extended\stdclib\strncpy.asm
              _4jContinue   0x00fb04    program     static C:\MCC18\src\extended\stdclib\memcmp.asm
                   _4jEnd   0x00fc7c    program     static C:\MCC18\src\extended\stdclib\mcpyp2r.asm
                   _4jEnd   0x00fb5e    program     static C:\MCC18\src\extended\stdclib\mcmpp2r.asm
                   _4jEnd   0x00fbfa    program     static C:\MCC18\src\extended\stdclib\mcpyp2p.asm
                   _5jEnd   0x00feea    program     static C:\MCC18\src\extended\stdclib\strncpy.asm
                   _5jEnd   0x00fb0e    program     static C:\MCC18\src\extended\stdclib\memcmp.asm
                   _5jEnd   0x00fba6    program     static C:\MCC18\src\extended\stdclib\memcpy.asm
                   _5jEnd   0x00fcce    program     static C:\MCC18\src\extended\stdclib\memmove.asm
              _6jContinue   0x00fcfc    program     static C:\MCC18\src\extended\stdclib\memmove.asm
                   _7jEnd   0x00fd06    program     static C:\MCC18\src\extended\stdclib\memmove.asm
       _D100TCYXCODE_000A   0x0110ba    program     static C:\MCC18\src\extended\delays\d100tcyx.asm
       _D100TCYXCODE_000C   0x0110bc    program     static C:\MCC18\src\extended\delays\d100tcyx.asm
       _D100TCYXCODE_0016   0x0110c6    program     static C:\MCC18\src\extended\delays\d100tcyx.asm
       _D100TCYXCODE_001C   0x0110cc    program     static C:\MCC18\src\extended\delays\d100tcyx.asm
       _D10KTCYXCODE_0014   0x011040    program     static C:\MCC18\src\extended\delays\d10ktcyx.asm
       _D10KTCYXCODE_0022   0x01104e    program     static C:\MCC18\src\extended\delays\d10ktcyx.asm
        _D10TCYXCODE_000A   0x011114    program     static C:\MCC18\src\extended\delays\d10tcyx.asm
        _D10TCYXCODE_000C   0x011116    program     static C:\MCC18\src\extended\delays\d10tcyx.asm
        _D10TCYXCODE_000E   0x011118    program     static C:\MCC18\src\extended\delays\d10tcyx.asm
        _D1KTCYXCODE_0012   0x0110a2    program     static C:\MCC18\src\extended\delays\d1ktcyx.asm
        _D1KTCYXCODE_0018   0x0110a8    program     static C:\MCC18\src\extended\delays\d1ktcyx.asm
           _LoadFATRecord   0x006496    program     static C:\Users\EricGoh\Desktop\2014-07-02 Liz v462a\Microchip\TCPIP Stack\MPFS2.c
                _Validate   0x006b9e    program     static C:\Users\EricGoh\Desktop\2014-07-02 Liz v462a\Microchip\TCPIP Stack\MPFS2.c
                 __FpPack   0x00ebe2    program     extern C:\MCC18\src\extended\math\packFP.asm
            __FpReturnNaN   0x00ec64    program     extern C:\MCC18\src\extended\math\packFP.asm
         __FpReturnNegInf   0x00ec76    program     extern C:\MCC18\src\extended\math\packFP.asm
        __FpReturnNegZero   0x00ec8e    program     extern C:\MCC18\src\extended\math\packFP.asm
         __FpReturnPosInf   0x00ec7c    program     extern C:\MCC18\src\extended\math\packFP.asm
        __FpReturnPosZero   0x00ec96    program     extern C:\MCC18\src\extended\math\packFP.asm
        __FpReturnSignInf   0x00ec72    program     extern C:\MCC18\src\extended\math\packFP.asm
       __FpReturnSignZero   0x00ec8a    program     extern C:\MCC18\src\extended\math\packFP.asm
              __FpReturnW   0x00ec3a    program     extern C:\MCC18\src\extended\math\packFP.asm
              __FpUnPackA   0x00ed22    program     extern C:\MCC18\src\extended\math\unpackFP.asm
              __FpUnPackB   0x00ed52    program     extern C:\MCC18\src\extended\math\unpackFP.asm
       ___case_0_lbl00007   0x00a51e    program     static                          
      ___case_16_lbl00025   0x00a76e    program     static                          
      ___case_16_lbl00057   0x00ac88    program     static                          
       ___case_1_lbl00015   0x00a582    program     static                          
    ___case_2308_lbl00023   0x00a820    program     static                          
    ___case_2308_lbl00048   0x00ab14    program     static                          
       ___case_2_lbl00030   0x00a654    program     static                          
       ___case_3_lbl00019   0x00a6cc    program     static                          
       ___case_3_lbl00042   0x00a854    program     static                          
       ___case_3_lbl00052   0x00aac0    program     static                          
       ___case_4_lbl00060   0x00aa16    program     static                          
       ___case_5_lbl00064   0x00ad1c    program     static                          
       ___case_6_lbl00026   0x00a76e    program     static                          
       ___case_6_lbl00058   0x00ac88    program     static                          
       ___case_6_lbl00076   0x00ae84    program     static                          
       ___case_7_lbl00074   0x00adce    program     static                          
      ___default_lbl00024   0x00a840    program     static                          
      ___default_lbl00027   0x00a844    program     static                          
      ___default_lbl00049   0x00abe6    program     static                          
      ___default_lbl00059   0x00ad18    program     static                          
           ___do_lbl00002   0x000ad6    program     static                          
           ___do_lbl00003   0x000ada    program     static                          
           ___do_lbl00004   0x000ab8    program     static                          
           ___do_lbl00062   0x00e24e    program     static                          
           ___do_lbl00063   0x00e25a    program     static                          
           ___do_lbl00074   0x00e142    program     static                          
         ___else_lbl00012   0x00a5c8    program     static                          
         ___else_lbl00018   0x00c63a    program     static                          
         ___else_lbl00020   0x00c624    program     static                          
         ___else_lbl00022   0x00c690    program     static                          
         ___else_lbl00024   0x00c6f2    program     static                          
         ___else_lbl00026   0x00c774    program     static                          
         ___else_lbl00029   0x00a6ba    program     static                          
         ___else_lbl00033   0x00c8f4    program     static                          
         ___else_lbl00035   0x00a900    program     static                          
         ___else_lbl00035   0x00c8ce    program     static                          
         ___else_lbl00042   0x00c93e    program     static                          
         ___else_lbl00044   0x000766    program     static                          
         ___else_lbl00054   0x009802    program     static                          
         ___else_lbl00058   0x0098e2    program     static                          
         ___else_lbl00060   0x009888    program     static                          
         ___else_lbl00063   0x0099ca    program     static                          
         ___else_lbl00066   0x00992c    program     static                          
         ___else_lbl00068   0x009832    program     static                          
         ___else_lbl00069   0x00ae70    program     static                          
         ___else_lbl00070   0x0097ba    program     static                          
         ___else_lbl00071   0x00ae48    program     static                          
         ___else_lbl00073   0x00ae3c    program     static                          
         ___else_lbl00077   0x00ce14    program     static                          
         ___else_lbl00079   0x00cdde    program     static                          
         ___else_lbl00086   0x00cee8    program     static                          
         ___else_lbl00089   0x00cefc    program     static                          
         ___else_lbl00091   0x00ce98    program     static                          
          ___for_lbl00009   0x00c606    program     static                          
          ___for_lbl00010   0x00c60a    program     static                          
          ___for_lbl00011   0x00c602    program     static                          
          ___for_lbl00012   0x00c606    program     static                          
          ___for_lbl00015   0x00c566    program     static                          
          ___for_lbl00016   0x00c55e    program     static                          
          ___for_lbl00039   0x000738    program     static                          
          ___for_lbl00040   0x000754    program     static                          
          ___for_lbl00042   0x0006e0    program     static                          
          ___for_lbl00046   0x0007d2    program     static                          
          ___for_lbl00047   0x0007ee    program     static                          
          ___for_lbl00048   0x00079c    program     static                          
          ___for_lbl00100   0x00d93c    program     static                          
          ___for_lbl00101   0x00d942    program     static                          
          ___for_lbl00102   0x00d920    program     static                          
          ___for_lbl00103   0x00d956    program     static                          
          ___for_lbl00104   0x00d95a    program     static                          
          ___for_lbl00105   0x00d942    program     static                          
           ___if_lbl00001   0x00a4d0    program     static                          
           ___if_lbl00003   0x00a4e4    program     static                          
           ___if_lbl00005   0x00a560    program     static                          
           ___if_lbl00006   0x00a564    program     static                          
           ___if_lbl00008   0x00c522    program     static                          
           ___if_lbl00008   0x00a592    program     static                          
           ___if_lbl00010   0x00a5f8    program     static                          
           ___if_lbl00011   0x00a5f8    program     static                          
           ___if_lbl00013   0x00c602    program     static                          
           ___if_lbl00014   0x00c602    program     static                          
           ___if_lbl00014   0x00d11e    program     static                          
           ___if_lbl00015   0x00d12c    program     static                          
           ___if_lbl00016   0x00a672    program     static                          
           ___if_lbl00016   0x00d1a0    program     static                          
           ___if_lbl00017   0x00c64a    program     static                          
           ___if_lbl00017   0x00d1a6    program     static                          
           ___if_lbl00018   0x00a76c    program     static                          
           ___if_lbl00019   0x00c64a    program     static                          
           ___if_lbl00020   0x00a79e    program     static                          
           ___if_lbl00021   0x00a810    program     static                          
           ___if_lbl00021   0x00c6c0    program     static                          
           ___if_lbl00023   0x006f24    program     static                          
           ___if_lbl00023   0x00c6fa    program     static                          
           ___if_lbl00024   0x006f42    program     static                          
           ___if_lbl00025   0x00c780    program     static                          
           ___if_lbl00025   0x006f42    program     static                          
           ___if_lbl00028   0x00a852    program     static                          
           ___if_lbl00029   0x00c84e    program     static                          
           ___if_lbl00031   0x007000    program     static                          
           ___if_lbl00032   0x00a878    program     static                          
           ___if_lbl00032   0x00c910    program     static                          
           ___if_lbl00033   0x00a880    program     static                          
           ___if_lbl00034   0x00a92c    program     static                          
           ___if_lbl00034   0x00705c    program     static                          
           ___if_lbl00034   0x00c910    program     static                          
           ___if_lbl00036   0x00a92e    program     static                          
           ___if_lbl00036   0x00c910    program     static                          
           ___if_lbl00037   0x00a944    program     static                          
           ___if_lbl00037   0x00c910    program     static                          
           ___if_lbl00038   0x00a95a    program     static                          
           ___if_lbl00038   0x009700    program     static                          
           ___if_lbl00039   0x009708    program     static                          
           ___if_lbl00040   0x00971c    program     static                          
           ___if_lbl00040   0x00c968    program     static                          
           ___if_lbl00040   0x00a9f2    program     static                          
           ___if_lbl00041   0x00c968    program     static                          
           ___if_lbl00041   0x00a9fa    program     static                          
           ___if_lbl00041   0x000734    program     static                          
           ___if_lbl00042   0x009740    program     static                          
           ___if_lbl00043   0x00aaaa    program     static                          
           ___if_lbl00043   0x009740    program     static                          
           ___if_lbl00043   0x00c968    program     static                          
           ___if_lbl00043   0x00076a    program     static                          
           ___if_lbl00044   0x00c9e6    program     static                          
           ___if_lbl00044   0x009754    program     static                          
           ___if_lbl00045   0x00aae4    program     static                          
           ___if_lbl00046   0x009778    program     static                          
           ___if_lbl00046   0x00aafc    program     static                          
           ___if_lbl00047   0x009778    program     static                          
           ___if_lbl00048   0x009784    program     static                          
           ___if_lbl00050   0x00ac48    program     static                          
           ___if_lbl00051   0x00ac86    program     static                          
           ___if_lbl00053   0x009830    program     static                          
           ___if_lbl00053   0x00aca8    program     static                          
           ___if_lbl00054   0x00acbe    program     static                          
           ___if_lbl00055   0x00acd8    program     static                          
           ___if_lbl00056   0x00ad16    program     static                          
           ___if_lbl00057   0x009902    program     static                          
           ___if_lbl00059   0x00e102    program     static                          
           ___if_lbl00059   0x009902    program     static                          
           ___if_lbl00060   0x00e10c    program     static                          
           ___if_lbl00061   0x00ad3c    program     static                          
           ___if_lbl00061   0x00e142    program     static                          
           ___if_lbl00062   0x00ad5c    program     static                          
           ___if_lbl00062   0x0099f0    program     static                          
           ___if_lbl00063   0x00adcc    program     static                          
           ___if_lbl00064   0x009a18    program     static                          
           ___if_lbl00065   0x00e16c    program     static                          
           ___if_lbl00065   0x00ae16    program     static                          
           ___if_lbl00065   0x009a18    program     static                          
           ___if_lbl00066   0x00ae6e    program     static                          
           ___if_lbl00066   0x00e1b2    program     static                          
           ___if_lbl00067   0x00e1c0    program     static                          
           ___if_lbl00067   0x009a18    program     static                          
           ___if_lbl00067   0x00ae82    program     static                          
           ___if_lbl00068   0x00e1ca    program     static                          
           ___if_lbl00068   0x00ae82    program     static                          
           ___if_lbl00069   0x009a1a    program     static                          
           ___if_lbl00070   0x00ae82    program     static                          
           ___if_lbl00071   0x009a20    program     static                          
           ___if_lbl00071   0x00cdbc    program     static                          
           ___if_lbl00072   0x00e244    program     static                          
           ___if_lbl00072   0x00ae82    program     static                          
           ___if_lbl00073   0x00e24e    program     static                          
           ___if_lbl00075   0x00ce22    program     static                          
           ___if_lbl00075   0x00aeaa    program     static                          
           ___if_lbl00076   0x00ce22    program     static                          
           ___if_lbl00078   0x00ce28    program     static                          
           ___if_lbl00080   0x00ce28    program     static                          
           ___if_lbl00084   0x00cefa    program     static                          
           ___if_lbl00085   0x00cefa    program     static                          
           ___if_lbl00087   0x00cf28    program     static                          
           ___if_lbl00088   0x00cf28    program     static                          
           ___if_lbl00090   0x00cf28    program     static                          
       ___return_lbl00000   0x00aeb0    program     static                          
       ___return_lbl00000   0x000004    program     static                          
       ___return_lbl00000   0x010af8    program     static                          
       ___return_lbl00000   0x00001c    program     static                          
       ___return_lbl00001   0x011108    program     static                          
       ___return_lbl00001   0x000adc    program     static                          
       ___return_lbl00001   0x00000c    program     static                          
       ___return_lbl00002   0x010e46    program     static                          
       ___return_lbl00005   0x00c9e8    program     static                          
       ___return_lbl00009   0x00d1ce    program     static                          
       ___return_lbl00022   0x007064    program     static                          
       ___return_lbl00037   0x009a20    program     static                          
       ___return_lbl00038   0x00077c    program     static                          
       ___return_lbl00045   0x000826    program     static                          
       ___return_lbl00055   0x00e25e    program     static                          
       ___return_lbl00070   0x00ce28    program     static                          
       ___return_lbl00081   0x00cf28    program     static                          
       ___return_lbl00099   0x00d96c    program     static                          
   ___switchexit_lbl00004   0x00aeb0    program     static                          
   ___switchexit_lbl00017   0x00a852    program     static                          
   ___switchexit_lbl00022   0x00a842    program     static                          
   ___switchexit_lbl00044   0x00ad1a    program     static                          
   ___switchexit_lbl00047   0x00abe8    program     static                          
        ___while_lbl00006   0x00c4e6    program     static                          
        ___while_lbl00007   0x00c520    program     static                          
[...]
                TRISJbits   0x000f9a       data     extern C:\MCC18\src\extended\proc\p18F87J50.asm
                 DDRJbits   0x000f9a       data     extern C:\MCC18\src\extended\proc\p18F87J50.asm
                     DDRJ   0x000f9a       data     extern C:\MCC18\src\extended\proc\p18F87J50.asm
              OSCTUNEbits   0x000f9b       data     extern C:\MCC18\src\extended\proc\p18F87J50.asm
                  OSCTUNE   0x000f9b       data     extern C:\MCC18\src\extended\proc\p18F87J50.asm
               RCSTA2bits   0x000f9c       data     extern C:\MCC18\src\extended\proc\p18F87J50.asm
                   RCSTA2   0x000f9c       data     extern C:\MCC18\src\extended\proc\p18F87J50.asm
                 PIE1bits   0x000f9d       data     extern C:\MCC18\src\extended\proc\p18F87J50.asm
                     PIE1   0x000f9d       data     extern C:\MCC18\src\extended\proc\p18F87J50.asm
                 PIR1bits   0x000f9e       data     extern C:\MCC18\src\extended\proc\p18F87J50.asm
                     PIR1   0x000f9e       data     extern C:\MCC18\src\extended\proc\p18F87J50.asm
                 IPR1bits   0x000f9f       data     extern C:\MCC18\src\extended\proc\p18F87J50.asm
                     IPR1   0x000f9f       data     extern C:\MCC18\src\extended\proc\p18F87J50.asm
                 PIE2bits   0x000fa0       data     extern C:\MCC18\src\extended\proc\p18F87J50.asm
                     PIE2   0x000fa0       data     extern C:\MCC18\src\extended\proc\p18F87J50.asm
                     PIR2   0x000fa1       data     extern C:\MCC18\src\extended\proc\p18F87J50.asm
                 PIR2bits   0x000fa1       data     extern C:\MCC18\src\extended\proc\p18F87J50.asm
                 IPR2bits   0x000fa2       data     extern C:\MCC18\src\extended\proc\p18F87J50.asm
                     IPR2   0x000fa2       data     extern C:\MCC18\src\extended\proc\p18F87J50.asm
                     PIE3   0x000fa3       data     extern C:\MCC18\src\extended\proc\p18F87J50.asm
                 PIE3bits   0x000fa3       data     extern C:\MCC18\src\extended\proc\p18F87J50.asm
                     PIR3   0x000fa4       data     extern C:\MCC18\src\extended\proc\p18F87J50.asm
                 PIR3bits   0x000fa4       data     extern C:\MCC18\src\extended\proc\p18F87J50.asm
                 IPR3bits   0x000fa5       data     extern C:\MCC18\src\extended\proc\p18F87J50.asm
                     IPR3   0x000fa5       data     extern C:\MCC18\src\extended\proc\p18F87J50.asm
               EECON1bits   0x000fa6       data     extern C:\MCC18\src\extended\proc\p18F87J50.asm
                   EECON1   0x000fa6       data     extern C:\MCC18\src\extended\proc\p18F87J50.asm
                   EECON2   0x000fa7       data     extern C:\MCC18\src\extended\proc\p18F87J50.asm
               TXSTA2bits   0x000fa8       data     extern C:\MCC18\src\extended\proc\p18F87J50.asm
                   TXSTA2   0x000fa8       data     extern C:\MCC18\src\extended\proc\p18F87J50.asm
                   TXREG2   0x000fa9       data     extern C:\MCC18\src\extended\proc\p18F87J50.asm
                   RCREG2   0x000faa       data     extern C:\MCC18\src\extended\proc\p18F87J50.asm
                   SPBRG2   0x000fab       data     extern C:\MCC18\src\extended\proc\p18F87J50.asm
                RCSTAbits   0x000fac       data     extern C:\MCC18\src\extended\proc\p18F87J50.asm
               RCSTA1bits   0x000fac       data     extern C:\MCC18\src\extended\proc\p18F87J50.asm
                   RCSTA1   0x000fac       data     extern C:\MCC18\src\extended\proc\p18F87J50.asm
                    RCSTA   0x000fac       data     extern C:\MCC18\src\extended\proc\p18F87J50.asm
                TXSTAbits   0x000fad       data     extern C:\MCC18\src\extended\proc\p18F87J50.asm
                    TXSTA   0x000fad       data     extern C:\MCC18\src\extended\proc\p18F87J50.asm
                   TXSTA1   0x000fad       data     extern C:\MCC18\src\extended\proc\p18F87J50.asm
               TXSTA1bits   0x000fad       data     extern C:\MCC18\src\extended\proc\p18F87J50.asm
                    TXREG   0x000fae       data     extern C:\MCC18\src\extended\proc\p18F87J50.asm
                   TXREG1   0x000fae       data     extern C:\MCC18\src\extended\proc\p18F87J50.asm
                   RCREG1   0x000faf       data     extern C:\MCC18\src\extended\proc\p18F87J50.asm
                    RCREG   0x000faf       data     extern C:\MCC18\src\extended\proc\p18F87J50.asm
                   SPBRG1   0x000fb0       data     extern C:\MCC18\src\extended\proc\p18F87J50.asm
                    SPBRG   0x000fb0       data     extern C:\MCC18\src\extended\proc\p18F87J50.asm
              CCP3CONbits   0x000fb1       data     extern C:\MCC18\src\extended\proc\p18F87J50.asm
                  CCP3CON   0x000fb1       data     extern C:\MCC18\src\extended\proc\p18F87J50.asm
                 ECCP3CON   0x000fb1       data     extern C:\MCC18\src\extended\proc\p18F87J50.asm
             ECCP3CONbits   0x000fb1       data     extern C:\MCC18\src\extended\proc\p18F87J50.asm
                    CCPR3   0x000fb2       data     extern C:\MCC18\src\extended\proc\p18F87J50.asm
                   CCPR3L   0x000fb2       data     extern C:\MCC18\src\extended\proc\p18F87J50.asm
                   CCPR3H   0x000fb3       data     extern C:\MCC18\src\extended\proc\p18F87J50.asm
                 ECCP3DEL   0x000fb4       data     extern C:\MCC18\src\extended\proc\p18F87J50.asm
             ECCP3DELbits   0x000fb4       data     extern C:\MCC18\src\extended\proc\p18F87J50.asm
                  ECCP3AS   0x000fb5       data     extern C:\MCC18\src\extended\proc\p18F87J50.asm
              ECCP3ASbits   0x000fb5       data     extern C:\MCC18\src\extended\proc\p18F87J50.asm
                  CCP2CON   0x000fb6       data     extern C:\MCC18\src\extended\proc\p18F87J50.asm
              CCP2CONbits   0x000fb6       data     extern C:\MCC18\src\extended\proc\p18F87J50.asm
             ECCP2CONbits   0x000fb6       data     extern C:\MCC18\src\extended\proc\p18F87J50.asm
                 ECCP2CON   0x000fb6       data     extern C:\MCC18\src\extended\proc\p18F87J50.asm
                    CCPR2   0x000fb7       data     extern C:\MCC18\src\extended\proc\p18F87J50.asm
                   CCPR2L   0x000fb7       data     extern C:\MCC18\src\extended\proc\p18F87J50.asm
                   CCPR2H   0x000fb8       data     extern C:\MCC18\src\extended\proc\p18F87J50.asm
             ECCP2DELbits   0x000fb9       data     extern C:\MCC18\src\extended\proc\p18F87J50.asm
                 ECCP2DEL   0x000fb9       data     extern C:\MCC18\src\extended\proc\p18F87J50.asm
              ECCP2ASbits   0x000fba       data     extern C:\MCC18\src\extended\proc\p18F87J50.asm
                  ECCP2AS   0x000fba       data     extern C:\MCC18\src\extended\proc\p18F87J50.asm
             ECCP1CONbits   0x000fbb       data     extern C:\MCC18\src\extended\proc\p18F87J50.asm
                 ECCP1CON   0x000fbb       data     extern C:\MCC18\src\extended\proc\p18F87J50.asm
              CCP1CONbits   0x000fbb       data     extern C:\MCC18\src\extended\proc\p18F87J50.asm
                  CCP1CON   0x000fbb       data     extern C:\MCC18\src\extended\proc\p18F87J50.asm
                   CCPR1L   0x000fbc       data     extern C:\MCC18\src\extended\proc\p18F87J50.asm
                    CCPR1   0x000fbc       data     extern C:\MCC18\src\extended\proc\p18F87J50.asm
                   CCPR1H   0x000fbd       data     extern C:\MCC18\src\extended\proc\p18F87J50.asm
                 ECCP1DEL   0x000fbe       data     extern C:\MCC18\src\extended\proc\p18F87J50.asm
             ECCP1DELbits   0x000fbe       data     extern C:\MCC18\src\extended\proc\p18F87J50.asm
              ECCP1ASbits   0x000fbf       data     extern C:\MCC18\src\extended\proc\p18F87J50.asm
                  ECCP1AS   0x000fbf       data     extern C:\MCC18\src\extended\proc\p18F87J50.asm
                   WDTCON   0x000fc0       data     extern C:\MCC18\src\extended\proc\p18F87J50.asm
               WDTCONbits   0x000fc0       data     extern C:\MCC18\src\extended\proc\p18F87J50.asm
               ADCON1bits   0x000fc1       data     extern C:\MCC18\src\extended\proc\p18F87J50.asm
                   ADCON1   0x000fc1       data     extern C:\MCC18\src\extended\proc\p18F87J50.asm
               ANCON0bits   0x000fc1       data     extern C:\MCC18\src\extended\proc\p18F87J50.asm
                   ANCON0   0x000fc1       data     extern C:\MCC18\src\extended\proc\p18F87J50.asm
                   ANCON1   0x000fc2       data     extern C:\MCC18\src\extended\proc\p18F87J50.asm
                   ADCON0   0x000fc2       data     extern C:\MCC18\src\extended\proc\p18F87J50.asm
               ANCON1bits   0x000fc2       data     extern C:\MCC18\src\extended\proc\p18F87J50.asm
               ADCON0bits   0x000fc2       data     extern C:\MCC18\src\extended\proc\p18F87J50.asm
                   ADRESL   0x000fc3       data     extern C:\MCC18\src\extended\proc\p18F87J50.asm
                    ADRES   0x000fc3       data     extern C:\MCC18\src\extended\proc\p18F87J50.asm
                   ADRESH   0x000fc4       data     extern C:\MCC18\src\extended\proc\p18F87J50.asm
              SSPCON2bits   0x000fc5       data     extern C:\MCC18\src\extended\proc\p18F87J50.asm
                  SSPCON2   0x000fc5       data     extern C:\MCC18\src\extended\proc\p18F87J50.asm
             SSP1CON2bits   0x000fc5       data     extern C:\MCC18\src\extended\proc\p18F87J50.asm
                 SSP1CON2   0x000fc5       data     extern C:\MCC18\src\extended\proc\p18F87J50.asm
                 SSP1CON1   0x000fc6       data     extern C:\MCC18\src\extended\proc\p18F87J50.asm
                  SSPCON1   0x000fc6       data     extern C:\MCC18\src\extended\proc\p18F87J50.asm
              SSPCON1bits   0x000fc6       data     extern C:\MCC18\src\extended\proc\p18F87J50.asm
             SSP1CON1bits   0x000fc6       data     extern C:\MCC18\src\extended\proc\p18F87J50.asm
                  SSPSTAT   0x000fc7       data     extern C:\MCC18\src\extended\proc\p18F87J50.asm
              SSPSTATbits   0x000fc7       data     extern C:\MCC18\src\extended\proc\p18F87J50.asm
             SSP1STATbits   0x000fc7       data     extern C:\MCC18\src\extended\proc\p18F87J50.asm
                 SSP1STAT   0x000fc7       data     extern C:\MCC18\src\extended\proc\p18F87J50.asm
                  SSP1ADD   0x000fc8       data     extern C:\MCC18\src\extended\proc\p18F87J50.asm
                   SSPADD   0x000fc8       data     extern C:\MCC18\src\extended\proc\p18F87J50.asm
                  SSP1MSK   0x000fc8       data     extern C:\MCC18\src\extended\proc\p18F87J50.asm
              SSP1MSKbits   0x000fc8       data     extern C:\MCC18\src\extended\proc\p18F87J50.asm
                  SSP1BUF   0x000fc9       data     extern C:\MCC18\src\extended\proc\p18F87J50.asm
                   SSPBUF   0x000fc9       data     extern C:\MCC18\src\extended\proc\p18F87J50.asm
                    T2CON   0x000fca       data     extern C:\MCC18\src\extended\proc\p18F87J50.asm
                T2CONbits   0x000fca       data     extern C:\MCC18\src\extended\proc\p18F87J50.asm
                   MEMCON   0x000fcb       data     extern C:\MCC18\src\extended\proc\p18F87J50.asm
               MEMCONbits   0x000fcb       data     extern C:\MCC18\src\extended\proc\p18F87J50.asm
                      PR2   0x000fcb       data     extern C:\MCC18\src\extended\proc\p18F87J50.asm
                     TMR2   0x000fcc       data     extern C:\MCC18\src\extended\proc\p18F87J50.asm
              PADCFG1bits   0x000fcc       data     extern C:\MCC18\src\extended\proc\p18F87J50.asm
                  PADCFG1   0x000fcc       data     extern C:\MCC18\src\extended\proc\p18F87J50.asm
               ODCON3bits   0x000fcd       data     extern C:\MCC18\src\extended\proc\p18F87J50.asm
                   ODCON3   0x000fcd       data     extern C:\MCC18\src\extended\proc\p18F87J50.asm
                    T1CON   0x000fcd       data     extern C:\MCC18\src\extended\proc\p18F87J50.asm
                T1CONbits   0x000fcd       data     extern C:\MCC18\src\extended\proc\p18F87J50.asm
                    TMR1L   0x000fce       data     extern C:\MCC18\src\extended\proc\p18F87J50.asm
                   ODCON2   0x000fce       data     extern C:\MCC18\src\extended\proc\p18F87J50.asm
               ODCON2bits   0x000fce       data     extern C:\MCC18\src\extended\proc\p18F87J50.asm
               ODCON1bits   0x000fcf       data     extern C:\MCC18\src\extended\proc\p18F87J50.asm
                   ODCON1   0x000fcf       data     extern C:\MCC18\src\extended\proc\p18F87J50.asm
                    TMR1H   0x000fcf       data     extern C:\MCC18\src\extended\proc\p18F87J50.asm
                 RCONbits   0x000fd0       data     extern C:\MCC18\src\extended\proc\p18F87J50.asm
                     RCON   0x000fd0       data     extern C:\MCC18\src\extended\proc\p18F87J50.asm
                   CM2CON   0x000fd1       data     extern C:\MCC18\src\extended\proc\p18F87J50.asm
               CM2CONbits   0x000fd1       data     extern C:\MCC18\src\extended\proc\p18F87J50.asm
                  CM2CON1   0x000fd1       data     extern C:\MCC18\src\extended\proc\p18F87J50.asm
              CM2CON1bits   0x000fd1       data     extern C:\MCC18\src\extended\proc\p18F87J50.asm
                   CM1CON   0x000fd2       data     extern C:\MCC18\src\extended\proc\p18F87J50.asm
                  CM1CON1   0x000fd2       data     extern C:\MCC18\src\extended\proc\p18F87J50.asm
              CM1CON1bits   0x000fd2       data     extern C:\MCC18\src\extended\proc\p18F87J50.asm
               CM1CONbits   0x000fd2       data     extern C:\MCC18\src\extended\proc\p18F87J50.asm
               OSCCONbits   0x000fd3       data     extern C:\MCC18\src\extended\proc\p18F87J50.asm
                   OSCCON   0x000fd3       data     extern C:\MCC18\src\extended\proc\p18F87J50.asm
              REFOCONbits   0x000fd3       data     extern C:\MCC18\src\extended\proc\p18F87J50.asm
                  REFOCON   0x000fd3       data     extern C:\MCC18\src\extended\proc\p18F87J50.asm
                    T0CON   0x000fd5       data     extern C:\MCC18\src\extended\proc\p18F87J50.asm
                T0CONbits   0x000fd5       data     extern C:\MCC18\src\extended\proc\p18F87J50.asm
                    TMR0L   0x000fd6       data     extern C:\MCC18\src\extended\proc\p18F87J50.asm
                    TMR0H   0x000fd7       data     extern C:\MCC18\src\extended\proc\p18F87J50.asm
               STATUSbits   0x000fd8       data     extern C:\MCC18\src\extended\proc\p18F87J50.asm
                   STATUS   0x000fd8       data     extern C:\MCC18\src\extended\proc\p18F87J50.asm
                     FSR2   0x000fd9       data     extern C:\MCC18\src\extended\proc\p18F87J50.asm
                    FSR2L   0x000fd9       data     extern C:\MCC18\src\extended\proc\p18F87J50.asm
                    FSR2H   0x000fda       data     extern C:\MCC18\src\extended\proc\p18F87J50.asm
                   PLUSW2   0x000fdb       data     extern C:\MCC18\src\extended\proc\p18F87J50.asm
                  PREINC2   0x000fdc       data     extern C:\MCC18\src\extended\proc\p18F87J50.asm
                 POSTDEC2   0x000fdd       data     extern C:\MCC18\src\extended\proc\p18F87J50.asm
                 POSTINC2   0x000fde       data     extern C:\MCC18\src\extended\proc\p18F87J50.asm
                    INDF2   0x000fdf       data     extern C:\MCC18\src\extended\proc\p18F87J50.asm
                      BSR   0x000fe0       data     extern C:\MCC18\src\extended\proc\p18F87J50.asm
                    FSR1L   0x000fe1       data     extern C:\MCC18\src\extended\proc\p18F87J50.asm
                     FSR1   0x000fe1       data     extern C:\MCC18\src\extended\proc\p18F87J50.asm
                    FSR1H   0x000fe2       data     extern C:\MCC18\src\extended\proc\p18F87J50.asm
                   PLUSW1   0x000fe3       data     extern C:\MCC18\src\extended\proc\p18F87J50.asm
                  PREINC1   0x000fe4       data     extern C:\MCC18\src\extended\proc\p18F87J50.asm
                 POSTDEC1   0x000fe5       data     extern C:\MCC18\src\extended\proc\p18F87J50.asm
                 POSTINC1   0x000fe6       data     extern C:\MCC18\src\extended\proc\p18F87J50.asm
                    INDF1   0x000fe7       data     extern C:\MCC18\src\extended\proc\p18F87J50.asm
                     WREG   0x000fe8       data     extern C:\MCC18\src\extended\proc\p18F87J50.asm
                    FSR0L   0x000fe9       data     extern C:\MCC18\src\extended\proc\p18F87J50.asm
                     FSR0   0x000fe9       data     extern C:\MCC18\src\extended\proc\p18F87J50.asm
                    FSR0H   0x000fea       data     extern C:\MCC18\src\extended\proc\p18F87J50.asm
                   PLUSW0   0x000feb       data     extern C:\MCC18\src\extended\proc\p18F87J50.asm
                  PREINC0   0x000fec       data     extern C:\MCC18\src\extended\proc\p18F87J50.asm
                 POSTDEC0   0x000fed       data     extern C:\MCC18\src\extended\proc\p18F87J50.asm
                 POSTINC0   0x000fee       data     extern C:\MCC18\src\extended\proc\p18F87J50.asm
                    INDF0   0x000fef       data     extern C:\MCC18\src\extended\proc\p18F87J50.asm
                  INTCON3   0x000ff0       data     extern C:\MCC18\src\extended\proc\p18F87J50.asm
              INTCON3bits   0x000ff0       data     extern C:\MCC18\src\extended\proc\p18F87J50.asm
                  INTCON2   0x000ff1       data     extern C:\MCC18\src\extended\proc\p18F87J50.asm
              INTCON2bits   0x000ff1       data     extern C:\MCC18\src\extended\proc\p18F87J50.asm
                   INTCON   0x000ff2       data     extern C:\MCC18\src\extended\proc\p18F87J50.asm
               INTCONbits   0x000ff2       data     extern C:\MCC18\src\extended\proc\p18F87J50.asm
                    PRODL   0x000ff3       data     extern C:\MCC18\src\extended\proc\p18F87J50.asm
                     PROD   0x000ff3       data     extern C:\MCC18\src\extended\proc\p18F87J50.asm
                    PRODH   0x000ff4       data     extern C:\MCC18\src\extended\proc\p18F87J50.asm
                   TABLAT   0x000ff5       data     extern C:\MCC18\src\extended\proc\p18F87J50.asm
                   TBLPTR   0x000ff6       data     extern C:\MCC18\src\extended\proc\p18F87J50.asm
                  TBLPTRL   0x000ff6       data     extern C:\MCC18\src\extended\proc\p18F87J50.asm
                  TBLPTRH   0x000ff7       data     extern C:\MCC18\src\extended\proc\p18F87J50.asm
                  TBLPTRU   0x000ff8       data     extern C:\MCC18\src\extended\proc\p18F87J50.asm
                       PC   0x000ff9       data     extern C:\MCC18\src\extended\proc\p18F87J50.asm
                      PCL   0x000ff9       data     extern C:\MCC18\src\extended\proc\p18F87J50.asm
                   PCLATH   0x000ffa       data     extern C:\MCC18\src\extended\proc\p18F87J50.asm
                   PCLATU   0x000ffb       data     extern C:\MCC18\src\extended\proc\p18F87J50.asm
               STKPTRbits   0x000ffc       data     extern C:\MCC18\src\extended\proc\p18F87J50.asm
                   STKPTR   0x000ffc       data     extern C:\MCC18\src\extended\proc\p18F87J50.asm
                      TOS   0x000ffd       data     extern C:\MCC18\src\extended\proc\p18F87J50.asm
                     TOSL   0x000ffd       data     extern C:\MCC18\src\extended\proc\p18F87J50.asm
                     TOSH   0x000ffe       data     extern C:\MCC18\src\extended\proc\p18F87J50.asm
                     TOSU   0x000fff       data     extern C:\MCC18\src\extended\proc\p18F87J50.asm


